[    0.000000] Linux version 4.15.0-124-generic (buildd@lgw01-amd64-029) (gcc version 7.5.0 (Ubuntu 7.5.0-3ubuntu1~18.04)) #127-Ubuntu SMP Fri Nov 6 10:54:43 UTC 2020 (Ubuntu 4.15.0-124.127-generic 4.15.18)
[    0.000000] Command line: BOOT_IMAGE=/boot/vmlinuz-4.15.0-124-generic root=LABEL=cloudimg-rootfs ro console=tty1 console=ttyS0
[    0.000000] KERNEL supported cpus:
[    0.000000]   Intel GenuineIntel
[    0.000000]   AMD AuthenticAMD
[    0.000000]   Centaur CentaurHauls
[    0.000000] x86/fpu: Supporting XSAVE feature 0x001: 'x87 floating point registers'
[    0.000000] x86/fpu: Supporting XSAVE feature 0x002: 'SSE registers'
[    0.000000] x86/fpu: Supporting XSAVE feature 0x004: 'AVX registers'
[    0.000000] x86/fpu: xstate_offset[2]:  576, xstate_sizes[2]:  256
[    0.000000] x86/fpu: Enabled xstate features 0x7, context size is 832 bytes, using 'standard' format.
[    0.000000] e820: BIOS-provided physical RAM map:
[    0.000000] BIOS-e820: [mem 0x0000000000000000-0x000000000009fbff] usable
[    0.000000] BIOS-e820: [mem 0x000000000009fc00-0x000000000009ffff] reserved
[    0.000000] BIOS-e820: [mem 0x00000000000f0000-0x00000000000fffff] reserved
[    0.000000] BIOS-e820: [mem 0x0000000000100000-0x00000000dffeffff] usable
[    0.000000] BIOS-e820: [mem 0x00000000dfff0000-0x00000000dfffffff] ACPI data
[    0.000000] BIOS-e820: [mem 0x00000000fec00000-0x00000000fec00fff] reserved
[    0.000000] BIOS-e820: [mem 0x00000000fee00000-0x00000000fee00fff] reserved
[    0.000000] BIOS-e820: [mem 0x00000000fffc0000-0x00000000ffffffff] reserved
[    0.000000] BIOS-e820: [mem 0x0000000100000000-0x000000011fffffff] usable
[    0.000000] NX (Execute Disable) protection: active
[    0.000000] SMBIOS 2.5 present.
[    0.000000] DMI: innotek GmbH VirtualBox/VirtualBox, BIOS VirtualBox 12/01/2006
[    0.000000] Hypervisor detected: KVM
[    0.000000] e820: last_pfn = 0x120000 max_arch_pfn = 0x400000000
[    0.000000] MTRR: Disabled
[    0.000000] x86/PAT: MTRRs disabled, skipping PAT initialization too.
[    0.000000] CPU MTRRs all blank - virtualized system.
[    0.000000] x86/PAT: Configuration [0-7]: WB  WT  UC- UC  WB  WT  UC- UC  
[    0.000000] e820: last_pfn = 0xdfff0 max_arch_pfn = 0x400000000
[    0.000000] found SMP MP-table at [mem 0x0009fff0-0x0009ffff]
[    0.000000] Scanning 1 areas for low memory corruption
[    0.000000] RAMDISK: [mem 0x35a67000-0x36d2afff]
[    0.000000] ACPI: Early table checksum verification disabled
[    0.000000] ACPI: RSDP 0x00000000000E0000 000024 (v02 VBOX  )
[    0.000000] ACPI: XSDT 0x00000000DFFF0030 00003C (v01 VBOX   VBOXXSDT 00000001 ASL  00000061)
[    0.000000] ACPI: FACP 0x00000000DFFF00F0 0000F4 (v04 VBOX   VBOXFACP 00000001 ASL  00000061)
[    0.000000] ACPI: DSDT 0x00000000DFFF0480 0021FF (v02 VBOX   VBOXBIOS 00000002 INTL 20180105)
[    0.000000] ACPI: FACS 0x00000000DFFF0200 000040
[    0.000000] ACPI: FACS 0x00000000DFFF0200 000040
[    0.000000] ACPI: APIC 0x00000000DFFF0240 00006C (v02 VBOX   VBOXAPIC 00000001 ASL  00000061)
[    0.000000] ACPI: SSDT 0x00000000DFFF02B0 0001CC (v01 VBOX   VBOXCPUT 00000002 INTL 20180105)
[    0.000000] No NUMA configuration found
[    0.000000] Faking a node at [mem 0x0000000000000000-0x000000011fffffff]
[    0.000000] NODE_DATA(0) allocated [mem 0x11ffd1000-0x11fffbfff]
[    0.000000] kvm-clock: cpu 0, msr 1:1ff50001, primary cpu clock
[    0.000000] kvm-clock: Using msrs 4b564d01 and 4b564d00
[    0.000000] kvm-clock: using sched offset of 3265400728 cycles
[    0.000000] clocksource: kvm-clock: mask: 0xffffffffffffffff max_cycles: 0x1cd42e4dffb, max_idle_ns: 881590591483 ns
[    0.000000] Zone ranges:
[    0.000000]   DMA      [mem 0x0000000000001000-0x0000000000ffffff]
[    0.000000]   DMA32    [mem 0x0000000001000000-0x00000000ffffffff]
[    0.000000]   Normal   [mem 0x0000000100000000-0x000000011fffffff]
[    0.000000]   Device   empty
[    0.000000] Movable zone start for each node
[    0.000000] Early memory node ranges
[    0.000000]   node   0: [mem 0x0000000000001000-0x000000000009efff]
[    0.000000]   node   0: [mem 0x0000000000100000-0x00000000dffeffff]
[    0.000000]   node   0: [mem 0x0000000100000000-0x000000011fffffff]
[    0.000000] Reserved but unavailable: 98 pages
[    0.000000] Initmem setup node 0 [mem 0x0000000000001000-0x000000011fffffff]
[    0.000000] ACPI: PM-Timer IO Port: 0x4008
[    0.000000] IOAPIC[0]: apic_id 4, version 32, address 0xfec00000, GSI 0-23
[    0.000000] ACPI: INT_SRC_OVR (bus 0 bus_irq 0 global_irq 2 dfl dfl)
[    0.000000] ACPI: INT_SRC_OVR (bus 0 bus_irq 9 global_irq 9 low level)
[    0.000000] Using ACPI (MADT) for SMP configuration information
[    0.000000] smpboot: Allowing 4 CPUs, 0 hotplug CPUs
[    0.000000] PM: Registered nosave memory: [mem 0x00000000-0x00000fff]
[    0.000000] PM: Registered nosave memory: [mem 0x0009f000-0x0009ffff]
[    0.000000] PM: Registered nosave memory: [mem 0x000a0000-0x000effff]
[    0.000000] PM: Registered nosave memory: [mem 0x000f0000-0x000fffff]
[    0.000000] PM: Registered nosave memory: [mem 0xdfff0000-0xdfffffff]
[    0.000000] PM: Registered nosave memory: [mem 0xe0000000-0xfebfffff]
[    0.000000] PM: Registered nosave memory: [mem 0xfec00000-0xfec00fff]
[    0.000000] PM: Registered nosave memory: [mem 0xfec01000-0xfedfffff]
[    0.000000] PM: Registered nosave memory: [mem 0xfee00000-0xfee00fff]
[    0.000000] PM: Registered nosave memory: [mem 0xfee01000-0xfffbffff]
[    0.000000] PM: Registered nosave memory: [mem 0xfffc0000-0xffffffff]
[    0.000000] e820: [mem 0xe0000000-0xfebfffff] available for PCI devices
[    0.000000] Booting paravirtualized kernel on KVM
[    0.000000] clocksource: refined-jiffies: mask: 0xffffffff max_cycles: 0xffffffff, max_idle_ns: 7645519600211568 ns
[    0.000000] random: get_random_bytes called from start_kernel+0x99/0x500 with crng_init=0
[    0.000000] setup_percpu: NR_CPUS:8192 nr_cpumask_bits:4 nr_cpu_ids:4 nr_node_ids:1
[    0.000000] percpu: Embedded 45 pages/cpu s147456 r8192 d28672 u524288
[    0.000000] PV qspinlock hash table entries: 256 (order: 0, 4096 bytes)
[    0.000000] Built 1 zonelists, mobility grouping on.  Total pages: 1032057
[    0.000000] Policy zone: Normal
[    0.000000] Kernel command line: BOOT_IMAGE=/boot/vmlinuz-4.15.0-124-generic root=LABEL=cloudimg-rootfs ro console=tty1 console=ttyS0
[    0.000000] Memory: 4013280K/4193848K available (12300K kernel code, 2482K rwdata, 4272K rodata, 2436K init, 2724K bss, 180568K reserved, 0K cma-reserved)
[    0.000000] SLUB: HWalign=64, Order=0-3, MinObjects=0, CPUs=4, Nodes=1
[    0.000000] Kernel/User page tables isolation: enabled
[    0.000000] ftrace: allocating 39402 entries in 154 pages
[    0.004000] Hierarchical RCU implementation.
[    0.004000] 	RCU restricting CPUs from NR_CPUS=8192 to nr_cpu_ids=4.
[    0.004000] 	Tasks RCU enabled.
[    0.004000] RCU: Adjusting geometry for rcu_fanout_leaf=16, nr_cpu_ids=4
[    0.004000] NR_IRQS: 524544, nr_irqs: 456, preallocated irqs: 16
[    0.004000] Console: colour VGA+ 80x25
[    0.004000] console [tty1] enabled
[    0.004000] console [ttyS0] enabled
[    0.004000] ACPI: Core revision 20170831
[    0.004000] ACPI: 2 ACPI AML tables successfully acquired and loaded
[    0.004000] APIC: Switch to symmetric I/O mode setup
[    0.004176] x2apic enabled
[    0.004706] Switched APIC routing to physical x2apic.
[    0.006167] ..TIMER: vector=0x30 apic1=0 pin1=2 apic2=-1 pin2=-1
[    0.008001] tsc: Detected 3600.010 MHz processor
[    0.012008] Calibrating delay loop (skipped) preset value.. 7200.02 BogoMIPS (lpj=14400040)
[    0.016002] pid_max: default: 32768 minimum: 301
[    0.017715] Security Framework initialized
[    0.020002] Yama: becoming mindful.
[    0.024022] AppArmor: AppArmor initialized
[    0.032093] Dentry cache hash table entries: 524288 (order: 10, 4194304 bytes)
[    0.033419] Inode-cache hash table entries: 262144 (order: 9, 2097152 bytes)
[    0.034237] Mount-cache hash table entries: 8192 (order: 4, 65536 bytes)
[    0.035020] Mountpoint-cache hash table entries: 8192 (order: 4, 65536 bytes)
[    0.036202] Last level iTLB entries: 4KB 64, 2MB 8, 4MB 8
[    0.036821] Last level dTLB entries: 4KB 64, 2MB 0, 4MB 0, 1GB 4
[    0.037517] Spectre V1 : Mitigation: usercopy/swapgs barriers and __user pointer sanitization
[    0.040002] Spectre V2 : Mitigation: Full generic retpoline
[    0.040600] Spectre V2 : Spectre v2 / SpectreRSB mitigation: Filling RSB on context switch
[    0.041526] Speculative Store Bypass: Vulnerable
[    0.042069] SRBDS: Unknown: Dependent on hypervisor status
[    0.044001] MDS: Mitigation: Clear CPU buffers
[    0.048157] Freeing SMP alternatives memory: 36K
[    0.161305] APIC calibration not consistent with PM-Timer: 101ms instead of 100ms
[    0.164000] APIC delta adjusted to PM-Timer: 6249862 (6363265)
[    0.164041] smpboot: CPU0: Intel(R) Core(TM) i7-7700 CPU @ 3.60GHz (family: 0x6, model: 0x9e, stepping: 0x9)
[    0.167520] Performance Events: unsupported p6 CPU model 158 no PMU driver, software events only.
[    0.168027] Hierarchical SRCU implementation.
[    0.172572] NMI watchdog: Perf event create on CPU 0 failed with -2
[    0.176002] NMI watchdog: Perf NMI watchdog permanently disabled
[    0.180048] smp: Bringing up secondary CPUs ...
[    0.184564] x86: Booting SMP configuration:
[    0.185045] .... node  #0, CPUs:      #1
[    0.004000] kvm-clock: cpu 1, msr 1:1ff50041, secondary cpu clock
[    0.188061]  #2
[    0.004000] kvm-clock: cpu 2, msr 1:1ff50081, secondary cpu clock
[    0.190936]  #3
[    0.004000] kvm-clock: cpu 3, msr 1:1ff500c1, secondary cpu clock
[    0.202369] smp: Brought up 1 node, 4 CPUs
[    0.204004] smpboot: Max logical packages: 1
[    0.204531] smpboot: Total of 4 processors activated (28800.08 BogoMIPS)
[    0.208045] devtmpfs: initialized
[    0.208439] x86/mm: Memory block size: 128MB
[    0.209191] evm: security.selinux
[    0.209582] evm: security.SMACK64
[    0.212004] evm: security.SMACK64EXEC
[    0.216001] evm: security.SMACK64TRANSMUTE
[    0.220001] evm: security.SMACK64MMAP
[    0.223059] evm: security.apparmor
[    0.224001] evm: security.ima
[    0.228001] evm: security.capability
[    0.232108] clocksource: jiffies: mask: 0xffffffff max_cycles: 0xffffffff, max_idle_ns: 7645041785100000 ns
[    0.233080] futex hash table entries: 1024 (order: 4, 65536 bytes)
[    0.235244] pinctrl core: initialized pinctrl subsystem
[    0.236066] RTC time: 15:17:33, date: 12/30/20
[    0.237882] NET: Registered protocol family 16
[    0.238443] audit: initializing netlink subsys (disabled)
[    0.239104] audit: type=2000 audit(1609341457.742:1): state=initialized audit_enabled=0 res=1
[    0.240005] cpuidle: using governor ladder
[    0.240488] cpuidle: using governor menu
[    0.240960] ACPI: bus type PCI registered
[    0.244007] acpiphp: ACPI Hot Plug PCI Controller Driver version: 0.5
[    0.248091] PCI: Using configuration type 1 for base access
[    0.252743] HugeTLB registered 2.00 MiB page size, pre-allocated 0 pages
[    0.252773] ACPI: Added _OSI(Module Device)
[    0.252773] ACPI: Added _OSI(Processor Device)
[    0.256006] ACPI: Added _OSI(3.0 _SCP Extensions)
[    0.256570] ACPI: Added _OSI(Processor Aggregator Device)
[    0.257185] ACPI: Added _OSI(Linux-Dell-Video)
[    0.257743] ACPI: Added _OSI(Linux-Lenovo-NV-HDMI-Audio)
[    0.258504] ACPI: Added _OSI(Linux-HPI-Hybrid-Graphics)
[    0.259264] ACPI: Executed 1 blocks of module-level executable AML code
[    0.262285] ACPI: Interpreter enabled
[    0.264017] ACPI: (supports S0 S5)
[    0.268003] ACPI: Using IOAPIC for interrupt routing
[    0.270099] PCI: Using host bridge windows from ACPI; if necessary, use "pci=nocrs" and report a bug
[    0.272136] ACPI: Enabled 2 GPEs in block 00 to 07
[    0.277654] ACPI: PCI Root Bridge [PCI0] (domain 0000 [bus 00-ff])
[    0.278393] acpi PNP0A03:00: _OSC: OS supports [ASPM ClockPM Segments MSI]
[    0.280031] acpi PNP0A03:00: _OSC: not requesting OS control; OS requires [ExtendedConfig ASPM ClockPM MSI]
[    0.281580] acpi PNP0A03:00: fail to add MMCONFIG information, can't access extended PCI configuration space under this bridge.
[    0.284242] PCI host bridge to bus 0000:00
[    0.288003] pci_bus 0000:00: root bus resource [io  0x0000-0x0cf7 window]
[    0.288720] pci_bus 0000:00: root bus resource [io  0x0d00-0xffff window]
[    0.292002] pci_bus 0000:00: root bus resource [mem 0x000a0000-0x000bffff window]
[    0.296002] pci_bus 0000:00: root bus resource [mem 0xe0000000-0xfdffffff window]
[    0.297904] pci_bus 0000:00: root bus resource [bus 00-ff]
[    0.300953] pci 0000:00:01.1: legacy IDE quirk: reg 0x10: [io  0x01f0-0x01f7]
[    0.301740] pci 0000:00:01.1: legacy IDE quirk: reg 0x14: [io  0x03f6]
[    0.302428] pci 0000:00:01.1: legacy IDE quirk: reg 0x18: [io  0x0170-0x0177]
[    0.304000] pci 0000:00:01.1: legacy IDE quirk: reg 0x1c: [io  0x0376]
[    0.338402] pci 0000:00:07.0: quirk: [io  0x4000-0x403f] claimed by PIIX4 ACPI
[    0.340016] pci 0000:00:07.0: quirk: [io  0x4100-0x410f] claimed by PIIX4 SMB
[    0.367176] ACPI: PCI Interrupt Link [LNKA] (IRQs 5 9 10 *11)
[    0.368250] ACPI: PCI Interrupt Link [LNKB] (IRQs 5 9 *10 11)
[    0.369154] ACPI: PCI Interrupt Link [LNKC] (IRQs 5 *9 10 11)
[    0.370032] ACPI: PCI Interrupt Link [LNKD] (IRQs 5 9 10 *11)
[    0.372000] SCSI subsystem initialized
[    0.372000] pci 0000:00:02.0: vgaarb: setting as boot VGA device
[    0.372000] pci 0000:00:02.0: vgaarb: VGA device added: decodes=io+mem,owns=io+mem,locks=none
[    0.372009] pci 0000:00:02.0: vgaarb: bridge control possible
[    0.372815] vgaarb: loaded
[    0.373254] ACPI: bus type USB registered
[    0.373853] usbcore: registered new interface driver usbfs
[    0.374639] usbcore: registered new interface driver hub
[    0.376024] usbcore: registered new device driver usb
[    0.376787] EDAC MC: Ver: 3.0.0
[    0.376787] PCI: Using ACPI for IRQ routing
[    0.376869] NetLabel: Initializing
[    0.377416] NetLabel:  domain hash size = 128
[    0.380002] NetLabel:  protocols = UNLABELED CIPSOv4 CALIPSO
[    0.380804] NetLabel:  unlabeled traffic allowed by default
[    0.381599] clocksource: Switched to clocksource kvm-clock
[    0.388693] VFS: Disk quotas dquot_6.6.0
[    0.389360] VFS: Dquot-cache hash table entries: 512 (order 0, 4096 bytes)
[    0.390343] AppArmor: AppArmor Filesystem Enabled
[    0.391024] pnp: PnP ACPI init
[    0392152] pnp: PnP ACPI: found 3 devices

[    0.419600] clocksource: acpi_pm: mask: 0xffffff max_cycles: 0xffffff, max_idle_ns: 2085701024 ns
[    0.420936] NET: Registered protocol family 2
[    0.421721] TCP established hash table entries: 32768 (order: 6, 262144 bytes)
[    0.422785] TCP bind hash table entries: 32768 (order: 7, 524288 bytes)
[    0.424190] TCP: Hash tables configured (established 32768 bind 32768)
[    0.425254] UDP hash table entries: 2048 (order: 4, 65536 bytes)
[    0.426056] UDP-Lite hash table entries: 2048 (order: 4, 65536 bytes)
[    0.426963] NET: Registered protocol family 1
[    0.427601] pci 0000:00:00.0: Limiting direct PCI/PCI transfers
[    0.428404] pci 0000:00:01.0: Activating ISA DMA hang workarounds
[    0.429291] pci 0000:00:02.0: Video device with shadowed ROM at [mem 0x000c0000-0x000dffff]
[    0.430481] Unpacking initramfs...
[    0.640911] Freeing initrd memory: 19216K
[    0.641795] PCI-DMA: Using software bounce buffering for IO (SWIOTLB)
[    0.642477] software IO TLB: mapped [mem 0xdbff0000-0xdfff0000] (64MB)
[    0.643203] clocksource: tsc: mask: 0xffffffffffffffff max_cycles: 0x33e45cd82d3, max_idle_ns: 440795345741 ns
[    0.662115] platform rtc_cmos: registered platform RTC device (no PNP device found)
[    0.733848] Scanning for low memory corruption every 60 seconds
[    0.838038] Initialise system trusted keyrings
[    0.838561] Key type blacklist registered
[    0.898108] workingset: timestamp_bits=36 max_order=20 bucket_order=0
[    0.899438] zbud: loaded
[    0.900275] squashfs: version 4.0 (2009/01/31) Phillip Lougher
[    0.906992] fuse init (API version 7.26

[    1.050447] Key type asymmetric registered
[    1.100932] Asymmetric key parser 'x509' registered
[    1.101727] Block layer SCSI generic (bsg) driver version 0.4 loaded (major 246)
[    1.102682] io scheduler noop registered
[    1.103130] io scheduler deadline registered
[    1.103630] io scheduler cfq registered (default)
[    1.126157] ACPI: AC Adapter [AC] (on-line)
[    1.126824] input: Power Button as /devices/LNXSYSTM:00/LNXPWRBN:00/input/input0
[    1.128005] ACPI: Power Button [PWRF]
[    1.128655] input: Sleep Button as /devices/LNXSYSTM:00/LNXSLPBN:00/input/input1
[    1.132780] ACPI: Sleep Button [SLPF]
[    1.138884] Serial: 8250/16550 driver, 32 ports, IRQ sharing enabled
[    1.183014] 00:02: ttyS0 at I/O 0x3f8 (irq = 4, base_baud = 115200) is a 16550A
[    1.191789] Linux agpgart interface v0.103
[    1.194117] loop: module loaded
[    1.194938] scsi host0: ata_piix
[    1.195482] scsi host1: ata_piix
[    1.195884] ata1: PATA max UDMA/33 cmd 0x1f0 ctl 0x3f6 bmdma 0xd000 irq 14
[    1.196622] ata2: PATA max UDMA/33 cmd 0x170 ctl 0x376 bmdma 0xd008 irq 15
[    1.197444] libphy: Fixed MDIO Bus: probed
[    1.221541] tun: Universal TUN/TAP device driver, 1.6
[    1.224671] PPP generic driver version 2.4.2
[    1.228512] ehci_hcd: USB 2.0 'Enhanced' Host Controller (EHCI) Driver
[    1.240650] ehci-pci: EHCI PCI platform driver
[    1.257135] ehci-platform: EHCI generic platform driver
[    1.257854] ohci_hcd: USB 1.1 'Open' Host Controller (OHCI) Driver
[    1.258681] ohci-pci: OHCI PCI platform driver
[    1.259305] ohci-platform: OHCI generic platform driver
[    1.260016] uhci_hcd: USB Universal Host Controller Interface driver
[    1.260925] i8042: PNP: PS/2 Controller [PNP0303:PS2K,PNP0f03:PS2M] at 0x60,0x64 irq 1,12
[    1.262445] serio: i8042 KBD port at 0x60,0x64 irq 1
[    1.263154] serio: i8042 AUX port at 0x60,0x64 irq 12
[    1.263980] mousedev: PS/2 mouse device common for all mice
[    1.270577] rtc_cmos rtc_cmos: rtc core: registered rtc_cmos as rtc0
[    1.271492] rtc_cmos rtc_cmos: alarms up to one day, 114 bytes nvram
[    1.272380] input: AT Translated Set 2 keyboard as /devices/platform/i8042/serio0/input/input2
[    1.273662] i2c /dev entries driver
[    1.274339] device-mapper: uevent: version 1.0.3
[    1.275119] device-mapper: ioctl: 4.37.0-ioctl (2017-09-20) initialised: dm-devel@redhat.com
[    1.276567] ledtrig-cpu: registered to indicate activity on CPUs
[    1.277960] NET: Registered protocol family 10
[    1.282203] Segment Routing with IPv6
[    1.282762] NET: Registered protocol family 17
[    1.283510] Key type dns_resolver registered
[    1.300183] mce: Using 0 MCE banks
[    1.300704] RAS: Correctable Errors collector initialized.
[    1.301518] sched_clock: Marking stable (1300148483, 0)->(2378693497, -1078545014)
[    1.303321] registered taskstats version 1
[    1.303920] Loading compiled-in X.509 certificates
[    1.306325] Loaded X.509 cert 'Build time autogenerated kernel key: be62403dcace2d46f96dafa9f42421c610ef3c2a'
[    1.307690] zswap: loaded using pool lzo/zbud
[    1.312211] Key type big_key registered
[    1.312773] Key type trusted registered
[    1.341235] Key type encrypted registered
[    1.341706] AppArmor: AppArmor sha1 policy hashing enabled
[    1.377688] ima: No TPM chip found, activating TPM-bypass! (rc=-19)
[    1.378378] ima: Allocated hash algorithm: sha1
[    1.388417] evm: HMAC attrs: 0x1
[    1.392609]   Magic number: 0:603:286
[    1.393082] ppp ppp: hash matches
[    1.393575] rtc_cmos rtc_cmos: setting system clock to 2020-12-30 15:17:34 UTC (1609341454)
[    1.394654] BIOS EDD facility v0.16 2004-Jun-25, 0 devices found
[    1.466500] EDD information not available.
[    1.482382] Freeing unused kernel image memory: 2436K
[    1.516255] Write protecting the kernel read-only data: 20480k
[    1.639562] Freeing unused kernel image memory: 2008K
[    1.646968] Freeing unused kernel image memory: 1872K
[    1.731655] x86/mm: Checked W+X mappings: passed, no W+X pages found.
[    2.174013] x86/mm: Checking user space page tables
[    2.186917] x86/mm: Checked W+X mappings: passed, no W+X pages found.
Loading, please wait...
starting version 237
[    2.229230] Fusion MPT base driver 3.04.20
[    2.232596] Copyright (c) 1999-2008 LSI Corporation
[    2.233459] e1000: Intel(R) PRO/1000 Network Driver - version 7.3.21-k8-NAPI
[    2.234239] e1000: Copyright (c) 1999-2006 Intel Corporation.
[    2.237520] Fusion MPT SPI Host driver 3.04.20
[    2.244221] AVX2 version of gcm_enc/dec engaged.
[    2.244950] AES CTR mode by8 optimization enabled
[    2.442759] input: ImExPS/2 Generic Explorer Mouse as /devices/platform/i8042/serio1/input/input4
[    2.682275] e1000 0000:00:03.0 eth0: (PCI:33MHz:32-bit) 02:60:71:1d:34:36
[    2.686478] e1000 0000:00:03.0 eth0: Intel(R) PRO/1000 Network Connection
[    3.681738] e1000 0000:00:08.0 eth1: (PCI:33MHz:32-bit) 08:00:27:35:23:07
[    4.306672] e1000 0000:00:08.0 eth1: Intel(R) PRO/1000 Network Connection
[    4.308408] mptbase: ioc0: Initiating bringup
[    4.308503] e1000 0000:00:03.0 enp0s3: renamed from eth0
[    4.345914] e1000 0000:00:08.0 enp0s8: renamed from eth1
[    5.637091] ioc0: LSI53C1030 A0: Capabilities={Initiator}
[    6.963186] scsi host2: ioc0: LSI53C1030 A0, FwRev=00000000h, Ports=1, MaxQ=256, IRQ=20
[    7.836550] scsi 2:0:0:0: Direct-Access     VBOX     HARDDISK         1.0  PQ: 0 ANSI: 5
[    8.567515] scsi target2:0:0: Beginning Domain Validation
[    8.675529] scsi target2:0:0: Domain Validation skipping write tests
[    9.049124] scsi target2:0:0: Ending Domain Validation
[    9.135398] scsi target2:0:0: asynchronous
[    9.206497] scsi 2:0:1:0: Direct-Access     VBOX     HARDDISK         1.0  PQ: 0 ANSI: 5
[    9.735775] scsi target2:0:1: Beginning Domain Validation
[   10.352455] random: fast init done
[   10.353195] scsi target2:0:1: Domain Validation skipping write tests
[   10.353884] scsi target2:0:1: Ending Domain Validation
[   10.354462] scsi target2:0:1: asynchronous
[   10.357223] random: systemd-udevd: uninitialized urandom read (16 bytes read)
[   10.357323] sd 2:0:0:0: Attached scsi generic sg0 type 0
[   10.358075] random: systemd-udevd: uninitialized urandom read (16 bytes read)
[   10.358828] sd 2:0:0:0: [sda] 20971520 512-byte logical blocks: (10.7 GB/10.0 GiB)
[   10.358924] sd 2:0:1:0: Attached scsi generic sg1 type 0
[   10.359090] sd 2:0:1:0: [sdb] 20480 512-byte logical blocks: (10.5 MB/10.0 MiB)
[   10.359140] sd 2:0:1:0: [sdb] Write Protect is off
[   10.359228] sd 2:0:1:0: [sdb] Incomplete mode parameter data
[   10.359228] sd 2:0:1:0: [sdb] Assuming drive cache: write through
[   10.359615] random: systemd-udevd: uninitialized urandom read (16 bytes read)
[   10.360969] sd 2:0:1:0: [sdb] Attached SCSI disk
[   10.360970] sd 2:0:0:0: [sda] Write Protect is off
[   10.361091] sd 2:0:0:0: [sda] Incomplete mode parameter data
[   10.361092] sd 2:0:0:0: [sda] Assuming drive cache: write through
[   10.370368]  sda: sda1
[   10.754597] sd 2:0:0:0: [sda] Attached SCSI disk
Begin: Loading essential drivers ... [   12.148043] raid6: sse2x1   gen() 13733 MB/s
[   12.296036] raid6: sse2x1   xor()  9987 MB/s
[   12.388024] raid6: sse2x2   gen() 16837 MB/s
[   12.508036] raid6: sse2x2   xor() 11579 MB/s
[   12.556087] raid6: sse2x4   gen() 19658 MB/s
[   12.724051] raid6: sse2x4   xor() 12015 MB/s
[   12.856023] raid6: avx2x1   gen() 27183 MB/s
[   12.904055] raid6: avx2x1   xor() 18698 MB/s
[   12.952028] raid6: avx2x2   gen() 29826 MB/s
[   13.000066] raid6: avx2x2   xor() 19242 MB/s
[   13.052056] raid6: avx2x4   gen() 37598 MB/s
[   13.152042] raid6: avx2x4   xor() 23807 MB/s
[   13.275619] raid6: using algorithm avx2x4 gen() 37598 MB/s
[   13.358668] raid6: .... xor() 23807 MB/s, rmw enabled
[   13.359231] raid6: using avx2x2 recovery algorithm
[   13.376602] xor: automatically using best checksumming function   avx       
[   13.378527] async_tx: api initialized (async)
done.
Begin: Running /scripts/init-premount ... done.
Begin: Mounting root file[   13.411060] Btrfs loaded, crc32c=crc32c-intel
 system ... Begin: Running /scripts/local-top ... done.
Begin: Running /scripts/local-premount ... Scanning for Btrfs filesystems
done.
Warning: fsck not present, so sk[   13.610424] EXT4-fs (sda1): mounted filesystem with ordered data mode. Opts: (null)
ipping root file system
done.
Begin: Running /scripts/local-bottom ... done.
Begin: Running /scripts/init-bottom ... done.
[   13.882223] ip_tables: (C) 2000-2006 Netfilter Core Team
[   13.995616] systemd[1]: systemd 237 running in system mode. (+PAM +AUDIT +SELINUX +IMA +APPARMOR +SMACK +SYSVINIT +UTMP +LIBCRYPTSETUP +GCRYPT +GNUTLS +ACL +XZ +LZ4 +SECCOMP +BLKID +ELFUTILS +KMOD -IDN2 +IDN -PCRE2 default-hierarchy=hybrid)
[   13.998534] systemd[1]: Detected virtualization oracle.
[   13.999257] systemd[1]: Detected architecture x86-64.

Welcome to [1mUbuntu 18.04.5 LTS[0m!

[   14.008835] systemd[1]: Set hostname to <ubuntu>.
[   14.012529] systemd[1]: Initializing machine ID from random generator.
[   14.013326] systemd[1]: Installed transient /etc/machine-id file.
[   14.517057] systemd[1]: Reached target User and Group Name Lookups.
[[0;32m  OK  [0m] Reached target User and Group Name Lookups.
[   14.691335] systemd[1]: Created slice User and Session Slice.
[[0;32m  OK  [0m] Created slice User and Session Slice.
[   14.692778] systemd[1]: Set up automount Arbitrary Executable File Formats File System Automount Point.
[[0;32m  OK  [0m] Set up automount Arbitrary Executabâ€¦rmats File System Automount Point.
[   14.694816] systemd[1]: Reached target System Time Synchronized.
[[0;32m  OK  [0m] Reached target System Time Synchronized.
[[0;32m  OK  [0m] Created slice System Slice.
[[0;32m  OK  [0m] Listening on Syslog Socket.
[[0;32m  OK  [0m] Listening on LVM2 metadata daemon socket.
[[0;32m  OK  [0m] Listening on Network Service Netlink Socket.
[[0;32m  OK  [0m] Reached target Slices.
[[0;32m  OK  [0m] Listening on LVM2 poll daemon socket.
[[0;32m  OK  [0m] Listening on udev Control Socket.
[[0;32m  OK  [0m] Listening on /dev/initctl Compatibility Named Pipe.
[[0;32m  OK  [0m] Listening on udev Kernel Socket.
[[0;32m  OK  [0m] Listening on Device-mapper event daemon FIFOs.
[[0;32m  OK  [0m] Listening on Journal Audit Socket.
[[0;32m  OK  [0m] Started Forward Password Requests to Wall Directory Watch.
[[0;32m  OK  [0m] Created slice system-serial\x2dgetty.slice.
[[0;32m  OK  [0m] Listening on Journal Socket.
         Starting Set the console keyboard layout...
         Starting Create list of required stâ€¦ce nodes for the current kernel...
         Starting Uncomplicated firewall...
         Starting Remount Root and Kernel File Systems...
         Starting udev Coldplug all Devices...
         Mounting POSIX Message Queue File System...
[[0;32m  OK  [0m] Listening on Journal Socket (/dev/log).
         Starting Load Kernel Modules...
         Starting Journal Service...
         Mounting Huge Pages File System...
         Starting Monitoring of LVM2 mirrorsâ€¦ng dmeventd or progress polling...
[[0;32m  OK  [0m] Reached target Swap.
         Mounting Kernel Debug File System...
[[0;32m  OK  [0m] Started Create list of required staâ€¦vice nodes for the current kernel.
[[0;32m  OK  [0m] Started Uncomplicated firewall.
         Starting Create Static Device Nodes in /dev...
[   14.778168] Loading iSCSI transport class v2.0-870.
[   14.784886] iscsi: registered transport (tcp)
[[0;32m  OK  [0m] Started udev Coldplug all Devices.
[[0;32m  OK  [0m] Started Journal Service.
[[0;32m  OK  [[   14.835884] EXT4-fs (sda1): re-mounted. Opts: (null)
0m] Mounted Huge Pages File System.
[[0;32m  OK  [0m] Mounted POSIX Message Queue File System.
[[0;32m  OK  [0m] Mounted Kernel Debug File System.
[[0;32m  OK  [0m] Started Remount Root and Kernel File Systems.
         Starting Flush Journal to Persistent Storage...
         Starting Load/Save Random Seed...
[   14.880119] iscsi: registered transport (iser)
[[0;32m  OK  [0m] Started Load Kernel Modules.
[[0;32m  OK  [0m] Started LVM2 metadata daemon.
         Mounting FUSE Control File System...
         Starting Apply Kernel Variables...
         Mounting Kernel Configuration File System...
[[0;32m  OK  [0m] Mounted FUSE Control File System.
[[0;32m  OK  [0m] Mounted Kernel Configuration File System.
[[0;32m  OK  [0m] Started Monitoring of LVM2 mirrors,â€¦sing dmeventd or progress polling.
[[0;32m  OK  [0m] Started Create Static Device Nodes in /dev.
[[0;32m  OK  [0m] Started Load/Save Random Seed.
[[0;32m  OK  [0m] Started Apply Kernel Variables.
         Starting udev Kernel Device Manager...
[[0;32m  OK  [0m] Started udev Kernel Device Manager.
[[0;32m  OK  [0m] Started Flush Journal to Persistent Storage.
[[0;32m  OK  [0m] Found device /dev/ttyS0.
[[0;32m  OK  [0m] Listening on Load/Save RF Kill Switch Status /dev/rfkill Watch.
[[0;32m  OK  [0m] Started Set the console keyboard layout.
[[0;32m  OK  [0m] Reached target Local File Systems (Pre).
[[0;32m  OK  [0m] Reached target Local File Systems.
         Starting Set console font and keymap...
         Starting Tell Plymouth To Write Out Runtime Data...
         Starting Create Volatile Files and Directories...
         Starting AppArmor initialization...
         Starting ebtables ruleset management...
         Starting Commit a transient machine-id on disk...
[[0;32m  OK  [0m] Started Dispatch Password Requests to Console Directory Watch.
[[0;32m  OK  [0m] Reached target Local Encrypted Volumes.
[[0;32m  OK  [0m] Started Set console font and keymap.
[[0;32m  OK  [0m] Started Tell Plymouth To Write Out Runtime Data.
[[0;32m  OK  [0m] Started Create Volatile Files and Directories.
[[0;32m  OK  [0m] Started Commit a transient machine-id on disk.
[[0;32m  OK  [0m] Started ebtables ruleset management.
         Starting Update UTMP about System Boot/Shutdown...
[[0;32m  OK  [0m] Started Update UTMP about System Boot/Shutdown.
[[0;32m  OK  [0m] Started AppArmor initialization.
         Starting Load AppArmor profiles managed internally by snapd...
         Starting Initial cloud-init job (pre-networking)...
[[0;32m  OK  [0m] Started Load AppArmor profiles managed internally by snapd.
[   17.476955] cloud-init[764]: Cloud-init v. 20.3-2-g371b392c-0ubuntu1~18.04.1 running 'init-local' at Wed, 30 Dec 2020 15:17:50 +0000. Up 17.20 seconds.
[[0;32m  OK  [0m] Started Initial cloud-init job (pre-networking).
[[0;32m  OK  [0m] Reached target Network (Pre).
         Starting Network Service...
[[0;32m  OK  [0m] Started Network Service.
         Starting Wait for Network to be Configured...
         Starting Network Name Resolution...
[[0;32m  OK  [0m] Started Network Name Resolution.
[[0;32m  OK  [0m] Reached target Host and Network Name Lookups.
[[0;32m  OK  [0m] Reached target Network.
[[0;32m  OK  [0m] Started Wait for Network to be Configured.
         Starting Initial cloud-init job (metadata service crawler)...
[   19.076417] cloud-init[867]: Cloud-init v. 20.3-2-g371b392c-0ubuntu1~18.04.1 running 'init' at Wed, 30 Dec 2020 15:17:52 +0000. Up 18.98 seconds.
[   19.100156] cloud-init[867]: ci-info: ++++++++++++++++++++++++++++++++++++++Net device info+++++++++++++++++++++++++++++++++++++++
[   19.172620] cloud-init[867]: ci-info: +--------+-------+----------------------------+---------------+--------+-------------------+
[   19.173872] cloud-init[867]: ci-info: | Device |   Up  |          Address           |      Mask     | Scope  |     Hw-Address    |
[   19.175052] cloud-init[867]: ci-info: +--------+-------+----------------------------+---------------+--------+-------------------+
[   19.176279] cloud-init[867]: ci-info: | enp0s3 |  True |         10.0.2.15          | 255.255.255.0 | global | 02:60:71:1d:34:36 |
[   19.236489] cloud-init[867]: ci-info: | enp0s3 |  True | fe80::60:71ff:fe1d:3436/64 |       .       |  link  | 02:60:71:1d:34:36 |
[   19.268717] cloud-init[867]: ci-info: | enp0s8 | False |             .              |       .       |   .    | 08:00:27:35:23:07 |
[   19.285292] cloud-init[867]: ci-info: |   lo   |  True |         127.0.0.1          |   255.0.0.0   |  host  |         .         |
[   19.294935] cloud-init[867]: ci-info: |   lo   |  True |          ::1/128           |       .       |  host  |         .         |
[   19.332397] cloud-init[867]: ci-info: +--------+-------+----------------------------+---------------+--------+-------------------+
[   19.380054] cloud-init[867]: ci-info: ++++++++++++++++++++++++++++Route IPv4 info+++++++++++++++++++++++++++++
[   19.381026] cloud-init[867]: ci-info: +-------+-------------+----------+-----------------+-----------+-------+
[   19.387358] cloud-init[867]: ci-info: | Route | Destination | Gateway  |     Genmask     | Interface | Flags |
[   19.404430] cloud-init[867]: ci-info: +-------+-------------+----------+-----------------+-----------+-------+
[   19.406609] cloud-init[867]: ci-info: |   0   |   0.0.0.0   | 10.0.2.2 |     0.0.0.0     |   enp0s3  |   UG  |
[   19.407634] cloud-init[867]: ci-info: |   1   |   10.0.2.0  | 0.0.0.0  |  255.255.255.0  |   enp0s3  |   U   |
[   19.408731] cloud-init[867]: ci-info: |   2   |   10.0.2.2  | 0.0.0.0  | 255.255.255.255 |   enp0s3  |   UH  |
[   19.409741] cloud-init[867]: ci-info: +-------+-------------+----------+-----------------+-----------+-------+
[   19.440301] cloud-init[867]: ci-info: +++++++++++++++++++Route IPv6 info+++++++++++++++++++
[   19.441295] cloud-init[867]: ci-info: +-------+-------------+---------+-----------+-------+
[   19.442268] cloud-init[867]: ci-info: | Route | Destination | Gateway | Interface | Flags |
[   19.443196] cloud-init[867]: ci-info: +-------+-------------+---------+-----------+-------+
[   19.444450] cloud-init[867]: ci-info: |   1   |  fe80::/64  |    ::   |   enp0s3  |   U   |
[   19.445402] cloud-init[867]: ci-info: |   3   |    local    |    ::   |   enp0s3  |   U   |
[   19.446323] cloud-init[867]: ci-info: |   4   |   ff00::/8  |    ::   |   enp0s3  |   U   |
[   19.447262] cloud-init[867]: ci-info: +-------+-------------+---------+-----------+-------+
[   21.696602] cloud-init[867]: Generating public/private rsa key pair.
[   21.725252] cloud-init[867]: Your identification has been saved in /etc/ssh/ssh_host_rsa_key.
[[   21.734298] cloud-init[867]: Your public key has been saved in /etc/ssh/ssh_host_rsa_key.pub.
[   21.734366] cloud-init[867]: The key fingerprint is:
[   21.734591] cloud-init[867]: SHA256:lcVRx8DLFyco3jccojCxyczBLBpVK5J5+RTmhh5SqxQ root@ubuntu-bionic
[   21.734777] cloud-init[867]: The key's randomart image is:
[   21.734982] cloud-init[867]: +---[RSA 2048]----+
[   21.735175] cloud-init[867]: |    E.o+*. .o=oo.|
[   21.735384] cloud-init[867]: |    .=.X=*.o+ +oo|
[   21.735611] cloud-init[867]: |    *oB.@+o+ + +o|
[   21.735805] cloud-init[867]: |   ..* * .o . * .|
[   21.736016] cloud-init[867]: |    . . S    . o |
[   21.736260] cloud-init[867]: |                 |
[   21.736460] cloud-init[867]: |                 |
[   21.736651] cloud-init[867]: |                 |
[0;32m  OK  [0m] Started Initial cloud-init job (metadata service crawler).
[   21.736779] cloud-init[867]: |                 |
[   21.748587] cloud-init[867]: +----[SHA256]-----+
[   21.749223] cloud-init[867]: Generating public/private dsa key pair.
[[0;32m  OK  [0m[   21.776808] cloud-init[867]: Your identification has been saved in /etc/ssh/ssh_host_dsa_key.
[   21.777047] cloud-init[867]: Your public key has been saved in /etc/ssh/ssh_host_dsa_key.pub.
[   21.777277] cloud-init[867]: The key fingerprint is:
[   21.777490] cloud-init[867]: SHA256:bW+UdrF9MRAsARuU26f6HhN27P0JZDuGwr2g14Umg8w root@ubuntu-bionic
[   21.777739] cloud-init[867]: The key's randomart image is:
[   21.777978] cloud-init[867]: +---[DSA 1024]----+
[   21.778231] cloud-init[867]: |        .+o.oo.  |
[   21.778535] cloud-init[867]: |         .o. ..  |
[   21.778780] cloud-init[867]: |         .o . .o |
[   21.779025] cloud-init[867]: |         o ..o +o|
[   21.779296] cloud-init[867]: |      o S ooB=o o|
[   21.779521] cloud-init[867]: |       E.+oBBoo .|
[   21.779737] cloud-init[867]: |         +*=+* . |
] Reached target Network is Online.
[   21.779851] cloud-init[867]: |        .ooo= o o|
         [   21.845740] Starting Availability of block devices...cloud-init
[867]: |       .. o+   ..|
[[   21.848962] cloud-init[867]: +----[SHA256]-----+
[   21.849200] cloud-init[867]: Generating public/private ecdsa key pair.
[   21.849716] cloud-init[867]: Your identification has been saved in /etc/ssh/ssh_host_ecdsa_key.
[0;32m  OK  [0m] Reached target Remote File Systems (Pre).
[[   21.850186] cloud-init[867]: Your public key has been saved in /etc/ssh/ssh_host_ecdsa_key.pub.
[   21.856970] cloud-init[867]: The key fingerprint is:
[   21.857575] cloud-init[867]: SHA256:3nd7D4+vRtrKGBVgk2JHOvIcl5c7CiZAF1XryHfwByk root@ubuntu-bionic
[   21.858228] cloud-init[867]: The key's randomart image is:
[   21.858904] cloud-init[867]: +---[ECDSA 256]---+
[   21.859534] cloud-init[867]: |    . oo.o*.     |
[   21.860310] cloud-init[867]: |   . .  ooo= o   |
[   21.860838] cloud-init[867]: |    . ..+oE *    |
[   21.861443] cloud-init[867]: |     . = * = +   |
[   21.862071] cloud-init[867]: |      . S o * .  |
[   21.862683] cloud-init[867]: |       + + + o.  |
[   21.863298] cloud-init[867]: |        . + .+o  |
[   21.863907] cloud-init[867]: |           =..o=.|
[0;32m  OK  [0m] Reached target Remote File Systems.
[[   21.864368] cloud-init[867]: |          . oo++=|
[   21.875716] cloud-init[867]: +----[SHA256]-----+
[   21.876651] cloud-init[867]: Generating public/private ed25519 key pair.
[   21.877246] cloud-init[867]: Your identification has been saved in /etc/ssh/ssh_host_ed25519_key.
[   21.877852] cloud-init[867]: Your public key has been saved in /etc/ssh/ssh_host_ed25519_key.pub.
[   21.878514] cloud-init[867]: The key fingerprint is:
[0;32m  OK  [0m] Reached target Cloud-config availability.
[[   21.878843] cloud-init[867]: SHA256:YHl/wuuk9ZVF6gMPkwI8R1Gya21bOqY6mZYQuvqd834 root@ubuntu-bionic
[   21.890351] cloud-init[867]: The key's randomart image is:
[   21.890690] cloud-init[867]: +--[ED25519 256]--+
[   21.891078] cloud-init[867]: |          +o.    |
[   21.891443] cloud-init[867]: |       o . o     |
[   21.891819] cloud-init[867]: |      + = o     .|
[   21.892432] cloud-init[867]: |     ..o * o . o |
[   21.892806] cloud-init[867]: |     . .S B O o .|
[   21.893169] cloud-init[867]: |    . .  . * X o |
[   21.893544] cloud-init[867]: |     . . ++ = *  |
[   21.893921] cloud-init[867]: |    ....*=E+ o . |
[   21.894687] cloud-init[867]: |  .o. o==+o .    |
[   21.895063] cloud-init[867]: +----[SHA256]-----+
[0;32m  OK  [0m] Reached target System Initialization.
[[0;32m  OK  [0m] Listening on UUID daemon activation socket.
         Starting Socket activation for snappy daemon.
[[0;32m  OK  [0m] Started Daily apt download activities.
         Starting LXD - unix socket.
[[0;32m  OK  [0m] Started Daily Cleanup of Temporary Directories.
[[0;32m  OK  [0m] Started Daily apt upgrade and clean activities.
[[0;32m  OK  [0m] Started Discard unused blocks once a week.
[[0;32m  OK  [0m] Listening on Open-iSCSI iscsid Socket.
[[0;32m  OK  [0m] Listening on ACPID Listen Socket.
[[0;32m  OK  [0m] Started ACPI Events Check.
[[0;32m  OK  [0m] Listening on D-Bus System Message Bus Socket.
[[0;32m  OK  [0m] Reached target Paths.
[[0;32m  OK  [0m] Started Message of the Day.
[[0;32m  OK  [0m] Reached target Timers.
[[0;32m  OK  [0m] Started Availability of block devices.
[[0;32m  OK  [0m] Listening on Socket activation for snappy daemon.
[[0;32m  OK  [0m] Listening on LXD - unix socket.
[[0;32m  OK  [0m] Reached target Sockets.
[[0;32m  OK  [0m] Reached target Basic System.
[[0;32m  OK  [0m] Started irqbalance daemon.
[[0;32m  OK  [0m] Started D-Bus System Message Bus.
[[0;32m  OK  [0m] Started Deferred execution scheduler.
         Starting Virtualbox guest utils...
         Starting LSB: automatic crash report generation...
         Starting Snap Daemon...
         Starting LXD - container startup/shutdown...
[[0;32m  OK  [0m] Started FUSE filesystem for LXC.
         Starting Permit User Sessions...
         Starting Pollinate to seed the pseudo random number generator...
         Starting Accounts Service...
         Starting Dispatcher daemon for systemd-networkd...
         Starting LSB: Record successful boot for GRUB...
         Starting Login Service...
[[0;32m  OK  [0m] Started Regular background program processing daemon.
         Starting System Logging Service...
[[0;32m  OK  [0m] Started Permit User Sessions.
[[0;32m  OK  [0m] Started System Logging Service.
[[0;32m  OK  [0m] Started LXD - container startup/shutdown.
[[0;32m  OK  [0m] Started Login Service.
[[0;32m  OK  [0m] Started Unattended Upgrades Shutdown.
         Starting Authorization Manager...
         Starting Terminate Plymouth Boot Screen...
         Starting Hold until boot process finishes up...
[[0;32m  OK  [0m] Started LSB: automatic crash report generation.
[[0;32m  OK  [0m] Started Terminate Plymouth Boot Screen.
[[0;32m  OK  [0m] Started Hold until boot process finishes up.
[[0;32m  OK  [0m] Started Serial Getty on ttyS0.
         Starting Set console scheme...
[[0;32m  OK  [0m] Started Virtualbox guest utils.
[[0;32m  OK  [0m] Started Set console scheme.
[[0;32m  OK  [0m] Started LSB: Record successful boot for GRUB.
[[0;32m  OK  [0m] Created slice system-getty.slice.
[[0;32m  OK  [0m] Started Getty on tty1.
[[0;32m  OK  [0m] Reached target Login Prompts.
[[0;32m  OK  [0m] Started Authorization Manager.
[[0;32m  OK  [0m] Started Accounts Service.
[[0;32m  OK  [0m] Started Dispatcher daemon for systemd-networkd.
[[0;32m  OK  [0m] Started Snap Daemon.
         Starting Wait until snapd is fully seeded...
[[0;32m  OK  [0m] Started Pollinate to seed the pseudo random number generator.
         Starting OpenBSD Secure Shell server...
[[0;32m  OK  [0m] Started OpenBSD Secure Shell server.
[[0;32m  OK  [0m] Created slice User Slice of vagrant.
         Starting User Manager for UID 1000...
[[0;32m  OK  [0m] Started Session 1 of user vagrant.
[[0;32m  OK  [0m] Started User Manager for UID 1000.

Ubuntu 18.04.5 LTS ubuntu-bionic ttyS0

ubuntu-bionic login: [   30.491176] cloud-init[1819]: Cloud-init v. 20.3-2-g371b392c-0ubuntu1~18.04.1 running 'modules:config' at Wed, 30 Dec 2020 15:18:03 +0000. Up 30.10 seconds.
ci-info: no authorized SSH keys fingerprints found for user ubuntu.
<14>Dec 30 15:18:03 ec2: 
<14>Dec 30 15:18:03 ec2: #############################################################
<14>Dec 30 15:18:03 ec2: -----BEGIN SSH HOST KEY FINGERPRINTS-----
<14>Dec 30 15:18:03 ec2: 1024 SHA256:bW+UdrF9MRAsARuU26f6HhN27P0JZDuGwr2g14Umg8w root@ubuntu-bionic (DSA)
<14>Dec 30 15:18:03 ec2: 256 SHA256:3nd7D4+vRtrKGBVgk2JHOvIcl5c7CiZAF1XryHfwByk root@ubuntu-bionic (ECDSA)
<14>Dec 30 15:18:03 ec2: 256 SHA256:YHl/wuuk9ZVF6gMPkwI8R1Gya21bOqY6mZYQuvqd834 root@ubuntu-bionic (ED25519)
<14>Dec 30 15:18:03 ec2: 2048 SHA256:lcVRx8DLFyco3jccojCxyczBLBpVK5J5+RTmhh5SqxQ root@ubuntu-bionic (RSA)
<14>Dec 30 15:18:03 ec2: -----END SSH HOST KEY FINGERPRINTS-----
<14>Dec 30 15:18:03 ec2: #############################################################
-----BEGIN SSH HOST KEY KEYS-----
ecdsa-sha2-nistp256 AAAAE2VjZHNhLXNoYTItbmlzdHAyNTYAAAAIbmlzdHAyNTYAAABBBAa7y1N8pTh4J1fL5SoZ27ww/41h+cfrSOLL9/BTspWySzRckCbTjyO4WrPfXBAnLpom2gWvTJVhOmUTOcTEsTQ= root@ubuntu-bionic
ssh-ed25519 AAAAC3NzaC1lZDI1NTE5AAAAIPzGPqQHaToRAbfAx6LLV5qhcAwMkVaBA7+Lh16sG3wQ root@ubuntu-bionic
ssh-rsa AAAAB3NzaC1yc2EAAAADAQABAAABAQDGYsVnQH3BuEkAjnh4OuUNvWQcRfs5QYILXmg9OQ/N0q1CF/Gwkwyj+61W4H0xvBXBU0FBL8ExF3Rtxlm7aoRRTtT03AlPgeqz1LEB2Plggm4G1+EpwB8HsdxepQq8i4H0AOIiZnXNSSnMgpms3oJyWps1dKDUFLFcrSdmfKqlPmwAzv+0z9jGi+ZU56UlnMs1sil2rqzxeHD2hupcexgBZTMFsElbU3ApUqzNCruRGhgdGfGBLEA6kvk4KmtCpTLKOn7uJVapiyxEHIbv1C3DiEX1AYZUATnLdBWeP3SIjp1BrRdPr7h0rFlofXM2VagHGzMej9WqriaFjNYGCih3 root@ubuntu-bionic
-----END SSH HOST KEY KEYS-----
[   30.884020] cloud-init[1936]: Cloud-init v. 20.3-2-g371b392c-0ubuntu1~18.04.1 running 'modules:final' at Wed, 30 Dec 2020 15:18:03 +0000. Up 30.77 seconds.
[   30.884077] cloud-init[1936]: ci-info: no authorized SSH keys fingerprints found for user ubuntu.
[   30.884116] cloud-init[1936]: Cloud-init v. 20.3-2-g371b392c-0ubuntu1~18.04.1 finished at Wed, 30 Dec 2020 15:18:03 +0000. Datasource DataSourceNoCloud [seed=/dev/sdb][dsmode=net].  Up 30.87 seconds
