[    0.000000] Linux version 4.15.0-124-generic (buildd@lgw01-amd64-029) (gcc version 7.5.0 (Ubuntu 7.5.0-3ubuntu1~18.04)) #127-Ubuntu SMP Fri Nov 6 10:54:43 UTC 2020 (Ubuntu 4.15.0-124.127-generic 4.15.18)
[    0.000000] Command line: BOOT_IMAGE=/boot/vmlinuz-4.15.0-124-generic root=LABEL=cloudimg-rootfs ro console=tty1 console=ttyS0
[    0.000000] KERNEL supported cpus:
[    0.000000]   Intel GenuineIntel
[    0.000000]   AMD AuthenticAMD
[    0.000000]   Centaur CentaurHauls
[    0.000000] x86/fpu: Supporting XSAVE feature 0x001: 'x87 floating point registers'
[    0.000000] x86/fpu: Supporting XSAVE feature 0x002: 'SSE registers'
[    0.000000] x86/fpu: Supporting XSAVE feature 0x004: 'AVX registers'
[    0.000000] x86/fpu: xstate_offset[2]:  576, xstate_sizes[2]:  256
[    0.000000] x86/fpu: Enabled xstate features 0x7, context size is 832 bytes, using 'standard' format.
[    0.000000] e820: BIOS-provided physical RAM map:
[    0.000000] BIOS-e820: [mem 0x0000000000000000-0x000000000009fbff] usable
[    0.000000] BIOS-e820: [mem 0x000000000009fc00-0x000000000009ffff] reserved
[    0.000000] BIOS-e820: [mem 0x00000000000f0000-0x00000000000fffff] rserved
[    0.000000] BIOS-e820: [mem 0x0000000000100000-0x00000000dffeffff] usable
[    0.000000] BIOS-e820: [mem 0x00000000dfff0000-0x00000000dfffffff] ACPI data
[    0.000000] BIOS-e820: [mem 0x00000000fec00000-0x00000000fec00fff] reserved
[    0.000000] BIOS-e820: [mem 0x00000000fee00000-0x00000000fee00fff] reserved
[    0.000000] BIOS-e820: [mem 0x00000000fffc0000-0x00000000ffffffff] reserved
[    0.000000] BIOS-e820: [mem 0x0000000100000000-0x000000011fffffff] usable
[    0.000000] NX (Execute Disable) protection: active
[    0.000000] SMBIOS 2.5 present.
[    0.000000] DMI: innotek GmbH VirtualBox/VirtualBox, BIOS VirtualBox 12/01/2006
[    0.000000] Hypervisor detected: KVM
[    0.000000] e820: last_pfn = 0x120000 max_arch_pfn = 0x400000000
[    0.000000] MTRR: Disabled
[    0.000000] x86/PAT: MTRRs disabled, skipping PAT initialization too.
[    0.000000] CPU MTRRs all blank - virtualized system.
[    0.000000] x86/T: Configuration [0-7]: WB  WT  UC- UC  WB  WT  UC- UC  
[    0.000000] e820: last_pfn = 0xdfff0 max_arch_pfn = 0x400000000
[    0.000000] found SMP MP-table at [mem 0x0009fff0-0x0009ffff]
[    0.000000] Scanning 1 areas for low memory corruption
[    0.000000] RAMDISK: [mem 0x35a67000-0x36d2afff]
[    0.000000] ACPI: Early table checksum verification disabled
[    0.000000] ACPI: RSDP 0x00000000000E0000 000024 (v02 VBOX  )
[    0.000000] ACPI: XSDT 0x00000000DFFF0030 00003C (v01 VBOX   VBOXXSDT 00000001 ASL  00000061)
[    0.000000] ACPI: FACP 0x00000000DFFF00F0 0000F4 (v04 VBOX   VBOXFACP 00000001 ASL  00000061)
[    0.000000] ACPI: DSDT 0x00000000DFFF0470 0021FF (v02 VBOX   VBOXBIOS 00000002 INTL 20180105)
[    0.000000] ACPI: FACS 0x00000000DFFF0200 000040
[    0.000000] ACPI: FACS 0x00000000DFFF0200 000040
[    0.000000] ACPI: APIC 0x00000000DFFF0240 00005C (v02 VBOX   VBOXAPIC 00000001 ASL  00000061)
[    0.000000] ACPI: SSDT 0x00000000DFFF02A0 0001CC (v01 VBOX   VBOXCPUT 00000002 INTL 20180105)
[    0.000000] No NUMA configuration found
[    0.000000] Faking a node at [mem 0x0000000000000000-0x000000011fffffff]
[    0.000000] NODE_DATA(0) allocated [mem 0x11ffd5000-0x11fffffff]
[    0.000000] kvm-clock: cpu 0, msr 1:1ff54001, primary cpu clock
[    0.000000] kvm-clock: Using msrs 4b564d01 and 4b564d00
[    0.000000] kvm-clock: using sched offset of 3233197221 cycles
[    0.000000] clocksource: kvm-clock: mask: 0xffffffffffffffff max_cycles: 0x1cd42e4dffb, max_idle_ns: 881590591483 ns
[    0.000000] Zone ranges:
[    0.000000]   DMA      [mem 0x0000000000001000-0x0000000000ffffff]
[    0.000000]   DMA32    [mem 0x0000000001000000-0x00000000ffffffff]
[    0.000000]   Normal   [mem 0x0000000100000000-0x000000011fffffff]
[    0.000000]   Device   empty
[    0.000000] Movable zone start for each node
[    0.000000] Early memory node ranges
[    0.000000]   node   0: [mem 0x0000000000001000-0x000000000009efff]
[    0.000000]   node   0: [mem 0x0000000000100000-0x00000000dffeffff]
[    0.000000]   node   0: [mem 0x0000000100000000-0x000000011fffffff]
[    0.000000] Reserved but unavailable: 98 pages
[    0.000000] Initmem setup node 0 [mem 0x0000000000001000-0x000000011fffffff]
[    0.000000] ACPI: PM-Timer IO Port: 0x4008
[    0.000000] IOAPIC[0]: apic_id 2, version 32, address 0xfec00000, GSI 0-23
[    0.000000] ACPI: INT_SRC_OVR (bus 0 bus_irq 0 global_irq 2 dfl dfl)
[    0.000000] ACPI: INT_SRC_OVR (bus 0 bus_irq 9 global_irq 9 low level)
[    0.000000] Using ACPI (MADT) for SMP configuration information
[    0.000000] smpboot: Allowing 2 CPUs, 0 hotplug CPUs
[    0.000000] PM: Registered nosave memory: [mem 0x00000000-0x00000fff]
[    0.000000] PM: Registered nosave memory: [mem 0x0009f000-0x0009ffff]
[    0.000000] PM: Registered nosave memory: [mem 0x000a0000-0x000effff]
[    0.000000] PM: Registered nosave memory: [mem 0x000f0000-0x000fffff]
[    0.000000] PM: Registered nosave memory: [mem 0xdfff0000-0xdfffffff]
[    0.000000] PM: Registered nosave memory: [mem 0xe0000000-0xfebfffff]
[    0.000000] PM: Registered nosave memory: [mem 0xfec00000-0xfec00fff]
[    0.000000] PM: Registered nosave memory: [mem 0xfec01000-0xfedfffff]
[    0.000000] PM: Registered nosave memory: [mem 0xfee00000-0xfee00fff]
[    0.000000] PM: Registered nosave memory: [mem 0xfee01000-0xfffbffff]
[    0.000000] PM: Registered nosave memory: [mem 0xfffc0000-0xffffffff]
[    0.000000] e820: [mem 0xe0000000-0xfebfffff] available for PCI devices
[    0.000000] Booting paravirtualized kernel on KVM
[    0.000000] clocksource: refined-jiffies: mask: 0xffffffff max_cycles: 0xffffffff, max_idle_ns: 7645519600211568 ns
[    0.000000] random: get_random_bytes called from start_kernel+0x99/0x500 with crng_init=0
[    0.000000] setup_percpu: NR_CPUS:8192 nr_cpumask_bits:2 nr_cpu_ids:2 nr_node_ids:1
[    0.000000] percpu: Embedded 45 pages/cpu s147456 r8192 d28672 u1048576
[    0.000000] PV qspinlock hash table entries: 256 (order: 0, 4096 bytes)
[    0.000000] Built 1 zonelists, mobility grouping on.  Total pages: 1032057
[    0.000000] Policy zone: Normal
[    0.000000] Kernel command line: BOOT_IMAGE=/boot/vmlinuz-4.15.0-124-generic root=LABEL=cloudimg-rootfs ro console=tty1 console=ttyS0
[    0.000000] Memory: 4013656K/4193848K available (12300K kernel code, 2482K rwdata, 4272K rodata, 2436K init, 2724K bss, 180192K reserved, 0K cma-reserved)
[    0.000000] SLUB: HWalign=64, Order=0-3, MinObjects=0, CPUs=2, Nodes=1
[    0.000000] Kernel/User page tables isolation: enabled
[    0.000000] ftrace: allocating 39402 entries in 154 pages
[    0.004000] Hierarchical RCU implementation.
[    0.004000] 	RCU restricting CPUs from NR_CPUS=8192 to nr_cpu_ids=2.
[    0.004000] 	Tasks RCU enabled.
[    0.004000] RCU: Adjusting geometry for rcu_fanout_leaf=16, nr_cpu_ids=2
[    0.004000] NR_IRQS: 524544, nr_irqs: 440, preallocated irqs: 16
[    0.004000] Console: colour VGA+ 80x25
[    0.004000] console [tty1] enabled
[    0.004000] console [ttyS0] enabled
[    0.004000] ACPI: Core revision 20170831
[    0.004000] ACPI: 2 ACPI AML tables successfully acquired and loaded
[    0.004000] APIC: Switch to symmetric I/O mode setup
[    0.004000] x2apic enabled
[    0.004000] Switched APIC routing to physical x2apic.
[    0.004000] ..TIMER: vector=0x30 apic1=0 pin1=2 apic2=-1 pin2=-1
[    0.004000] tsc: Detected 3600.010 MHz processor
[    0.004007] Calibrating delay loop (skipped) preset value.. 7200.02 BogoMIPS (lpj=14400040)
[    0.005149] pid_max: default: 32768 minimum: 301
[    0.005810] Security Framework initialized
[    0.006476] Yama: becoming mindful.
[    0.006996] AppArmor: AppArmor initialized
[    0.009018] Dentry cache hash table entries: 524288 (order: 10, 4194304 bytes)
[    0.010556] Inode-cache hash table entries: 262144 (order: 9, 2097152 bytes)
[    0.011665] Mount-cache hash table entries: 8192 (order: 4, 65536 bytes)
[    0.012007] Mountpoint-cache hash table entries: 8192 (order: 4, 65536 bytes)
[    0.013188] Last level iTLB entries: 4KB 64, 2MB 8, 4MB 8
[    0.013933] Last level dTLB entries: 4KB 64, 2MB 0, 4MB 0, 1GB 4
[    0.014794] Spectre V1 : Mitigation: usercopy/swapgs barriers and __user pointer sanitization
[    0.016002] Spectre V2 : Mitigation: Full generic retpoline
[    0.016788] Spectre V2 : Spectre v2 / SpectreRSB mitigation: Filling RSB on context switch
[    0.018016] Speculative Store Bypass: Vulnerable
[    0.018709] SRBDS: Unknown: Dependent on hypervisor status
[    0.020001] MDS: Mitigation: Clear CPU buffers
[    0.020769] Freeing SMP alternatives memory: 36K
[    0.130565] smpboot: CPU0: Intel(R) Core(TM) i7-7700 CPU @ 3.60GHz (family: 0x6, model: 0x9e, stepping: 0x9)
[    0.132000] Performance Events: unsupported p6 CPU model 158 no PMU driver, software events only.
[    0.132027] Hierarchical SRCU implementation.
[    0.133071] NMI watchdog: Perf event create on CPU 0 failed with -2
[    0.136009] NMI watchdog: Perf NMI watchdog permanently disabled
[    0.140060] smp: Bringing up secondary CPUs ...
[    0.141127] x86: Booting SMP configuration:
[    0.141662] .... node  #0, CPUs:      #1
[    0.004000] kvm-clock: cpu 1, msr 1:1ff54041, secondary cpu clock
[    0.152016] smp: Brought up 1 node, 2 CPUs
[    0.152589] smpboot: Max logical packages: 1
[    0.153183] smpboot: Total of 2 processors activated (14400.04 BogoMIPS)
[    0.156040] devtmpfs: initialized
[    0.156506] x86/mm: Memory block size: 128MB
[    0.157268] evm: security.selinux
[    0.157733] evm: security.SMACK64
[    0.158186] evm: security.SMACK64EXEC
[    0.158669] evm: security.SMACK64TRANSMUTE
[    0.159201] evm: security.SMACK64MMAP
[    0.159691] evm: security.apparmor
[    0.160003] evm: security.ima
[    0.160468] evm: security.capability
[    0.160983] clocksource: jiffies: mask: 0xffffffff max_cycles: 0xffffffff, max_idle_ns: 7645041785100000 ns
[    0.161380] futex hash table entries: 512 (order: 3, 32768 bytes)
[    0.162287] pinctrl core: initialized pinctrl subsystem
[    0.164075] RTC time: 21:25:11, date: 01/04/21
[    0.164792] NET: Registered protocol family 16
[    0.165463] audit: initializing netlink subsys (disabled)
[    0.167009] audit: type=2000 audit(1609795515.582:1): state=initialized audit_enabled=0 res=1
[    0.168008] cpuidle: using governor ladder
[    0.168496] cpuidle: using governor menu
[    0.168985] ACPI: bus type PCI registered
[    0.169457] acpiphp: ACPI Hot Plug PCI Controller Driver version: 0.5
[    0.170224] PCI: Using configuration type 1 for base access
[    0.172726] HugeTLB registered 2.00 MiB page size, pre-allocated 0 pages
[    0.176090] ACPI: Added _OSI(Module Device)
[    0.176605] ACPI: Added _OSI(Processor Device)
[    0.180005] ACPI: Added _OSI(3.0 _SCP Extensions)
[    0.184002] ACPI: Added _OSI(Processor Aggregator Device)
[    0.184600] ACPI: Added _OSI(Linux-Dell-Video)
[    0.188019] ACPI: Added _OSI(Linux-Lenovo-NV-HDMI-Audio)
[    0.188602] ACPI: Added _OSI(Linux-HPI-Hybrid-Graphics)
[    0.192173] ACPI: Executed 1 blocks of module-level executable AML code
[    0.195097] ACPI: Interpreter enabled
[    0.196017] ACPI: (supports S0 S5)
[    0.196420] ACPI: Using IOAPIC for interrupt routing
[    0.200177] PCI: Using host bridge windows from ACPI; if necessary, use "pci=nocrs" and report a bug
[    0.204117] ACPI: Enabled 2 GPEs in block 00 to 07
[    0.212061] ACPI: PCI Root Bridge [PCI0] (domain 0000 [bus 00-ff])
[    0.216005] acpi PNP0A03:00: _OSC: OS supports [ASPM ClockPM Segments MSI]
[    0.220019] acpi PNP0A03:00: _OSC: not requesting OS control; OS requires [ExtendedConfig ASPM ClockPM MSI]
[    0.224008] acpi PNP0A03:00: fail to add MMCONFIG information, can't access extended PCI configuration space under this bridge.
[    0.225919] PCI host bridge to bus 0000:00
[    0.228003] pci_bus 0000:00: root bus resource [io  0x0000-0x0cf7 window]
[    0.228735] pci_bus 0000:00: root bus resource [io  0x0d00-0xffff window]
[    0.232002] pci_bus 0000:00: root bus resource [mem 0x000a0000-0x000bffff window]
[    0.236002] pci_bus 0000:00: root bus resource [mem 0xe0000000-0xfdffffff window]
[    0.240002] pci_bus 0000:00: root bus resource [bus 00-ff]
[    0.245167] pci 0000:00:01.1: legacy IDE quirk: reg 0x10: [io  0x01f0-0x01f7]
[    0.248002] pci 0000:00:01.1: legacy IDE quirk: reg 0x14: [io  0x03f6]
[    0.252001] pci 0000:00:01.1: legacy IDE quirk: reg 0x18: [io  0x0170-0x0177]
[    0.256002] pci 0000:00:01.1: legacy IDE quirk: reg 0x1c: [io  0x0376]
[    0.292929] pci 0000:00:07.0: quirk: [io  0x4000-0x403f] claimed by PIIX4 ACPI
[    0.296016] pci 0000:00:07.0: quirk: [io  0x4100-0x410f] claimed by PIIX4 SMB
[    0.320050] ACPI: PCI Interrupt Link [LNKA] (IRQs 5 9 10 *11)
[    0.324226] ACPI: PCI Interrupt Link [LNKB] (IRQs 5 9 *10 11)
[    0.328078] ACPI: PCI Interrupt Link [LNKC] (IRQs 5 *9 10 11)
[    0.329847] ACPI: PCI Interrupt Link [LNKD] (IRQs 5 9 10 *11)
[    0.332292] SCSI subsystem initialized
[    0.332774] pci 0000:00:02.0: vgaarb: setting as boot VGA device
[    0.336000] pci 0000:00:02.0: vgaarb: VGA device added: decodes=io+mem,owns=io+mem,locks=none
[    0.336004] pci 0000:00:02.0: vgaarb: bridge control possible
[    0.340001] vgaarb: loaded
[    0.341424] ACPI: bus type USB registered
[    0.341904] usbcore: registered new interface driver usbfs
[    0.342510] usbcore: registered new interface driver hub
[    0.344013] usbcore: registered new device driver usb
[    0.348040] EDAC MC: Ver: 3.0.0
[    0.352145] PCI: Using ACPI for IRQ routing
[    0.352688] NetLabel: Initializing
[    0.356002] NetLabel:  domain hash size = 128
[    0.360001] NetLabel:  protocols = UNLABELED CIPSOv4 CALIPSO
[    0.360628] NetLabel:  unlabeled traffic allowed by default
[    0.361249] clocksource: Switched to clocksource kvm-clock
[    0.370958] VFS: Disk quotas dquot_6.6.0
[    0.378699] VFS: Dquot-cache hash table entries: 512 (order 0, 4096 bytes)
[    0.379551] AppArmor: AppArmor Filesystem Enabled
[    0.380333] pnp: PnP ACPI init
[    0.381720] pnp: PnP ACPI: found 3 devices
[    0.390096] clocksource: acpi_pm: mask: 0xffffff max_cycles: 0xffffff, max_idle_ns: 2085701024 ns
[    0.391217] NET: Registered protocol family 2
[    0.391980] TCP established hash table entries: 32768 (order: 6, 262144 bytes)
[    0.409764] TCP bind hash table entries: 32768 (order: 7, 524288 bytes)
[    0.410730] TCP: Hash tables configured (established 32768 bind 32768)
[    0.412951] UDP hash table entries: 2048 (order: 4, 65536 bytes)
[    0.413806] UDP-Lite hash table entries: 2048 (order: 4, 65536 bytes)
[    0.414750] NET: Registered protocol family 1
[    0.415396] pci 0000:00:00.0: Limiting direct PCI/PCI transfers
[    0.416271] pci 0000:00:01.0: Activating ISA DMA hang workarounds
[    0.417173] pci 0000:00:02.0: Video device with shadowed ROM at [mem 0x000c0000-0x000dffff]
[    0.418452] Unpacking initramfs...
[  06197] Freininrdemy: 19216K
[  0087]PCI-DMA: Using software bounce buffering for IO (SWIOTLB)
[   04186] software IO TLB: mapped [mem 0xdbff0000-0xdfff0000] (64MB)
[    1.139711] clocksource: tsc: mask: 0xffffffffffffffff max_cycles: 0x33e45cd82d3, max_idle_ns: 440795345741 ns
[    1.140825] platform rtc_cmos: registered platform RTC device (no PNP device found)
[    1.144885] Scanning for low memory corruption every 60 seconds
[    1.145967] Initialise system trusted keyrings
[    1.148568] Key type blacklist registered
[    1.152528] workingset: timestamp_bits=36 max_order=20 bucket_order=0
[    1.165676] zbud: loaded
[    1.168701] squashfs: version 4.0 (2009/01/31) Phillip Lougher
[    1.176690] fuse init (API version 7.26)
[    1.180149] Key type asymmetric registered
[    1.180633] Asymmetric key parser 'x509' registered
[    1.181192] Block layer SCSI generic (bsg) driver version 0.4 loaded (major 246)
[    1.182049] io scheduler noop registered
[    1.182539] io scheduler deadline registered
[    1.188393] io scheduler cfq registered (default)
[    1.234957] ACPI: AC Adapter [AC] (on-line)
[    1.260308] input: Power Button as /devices/LNXSYSTM:00/LNXPWRBN:00/input/input0
[    1.264894] ACPI: Power Button [PWRF]
[    1.278518] input: Sleep Button as /devices/LNXSYSTM:00/LNXSLPBN:00/input/input1
[    1.284800] ACPI: Sleep Button [SLPF]
[    1.298718] Serial: 8250/16550 driver, 32 ports, IRQ sharing enabled
[    1.320825] 00:02: ttyS0 at I/O 0x3f8 (irq = 4, base_baud = 115200) is a 16550A
[    1.363110] Linux agpgart interface v0.103
[    1.365771] loop: module loaded
[    1.366803] scsi host0: ata_piix
[    1.367439] scsi host1: ata_piix
[    1.368020] ata1: PATA max UDMA/33 cmd 0x1f0 ctl 0x3f6 bmdma 0xd000 irq 14
[    1.369007] ata2: PATA max UDMA/33 cmd 0x170 ctl 0x376 bmdma 0xd008 irq 15
[    1.392955] libphy: Fixed MDIO Bus: probed
[    1.393579] tun: Universal TUN/TAP device driver, 1.6
[    1.394456] PPP generic driver version 2.4.2
[    1.395224] ehci_hcd: USB 2.0 'Enhanced' Host Controller (EHCI) Driver
[    1.396236] ehci-pci: EHCI PCI platform driver
[    1.402064] ehci-platform: EHCI generic platform driver
[    1.404331] ohci_hcd: USB 1.1 'Open' Host Controller (OHCI) Driver
[    1.410364] ohci-pci: OHCI PCI platform driver
[    1.428309] ohci-platform: OHCI generic platform driver
[    1.441749] uhci_hcd: USB Universal Host Controller Interface driver
[    1.442535] i8042: PNP: PS/2 Controller [PNP0303:PS2K,PNP0f03:PS2M] at 0x60,0x64 irq 1,12
[    1.443831] serio: i8042 KBD port at 0x60,0x64 irq 1
[    1.444491] serio: i8042 AUX port at 0x60,0x64 irq 12
[    1.445348] mousedev: PS/2 mouse device common for all mice
[    1.446343] input: AT Translated Set 2 keyboard as /devices/platform/i8042/serio0/input/input2
[    1.447457] rtc_cmos rtc_cmos: rtc core: registered rtc_cmos as rtc0
[    1.449350] rtc_cmos rtc_cmos: alarms up to one day, 114 bytes nvram
[    1.452821] i2c /dev entries driver
[    1.456506] device-mapper: uevent: version 1.0.3
[    1.457252] device-mapper: ioctl: 4.37.0-ioctl (2017-09-20) initialised: dm-devel@redhat.com
[    1.458306] ledtrig-cpu: registered to indicate activity on CPUs
[    1.459320] NET: Registered protocol family 10
[    1.462903] Segment Routing with IPv6
[    1.463509] NET: Registered protocol family 17
[    1.464241] Key type dns_resolver registered
[    1.465032] mce: Using 0 MCE banks
[    1.465576] RAS: Correctable Errors collector initialized.
[    1.466377] sched_clock: Marking stable (1465012647, 0)->(3321030965, -1856018318)
[    1.467843] registered taskstats version 1
[    1.468506] Loading compiled-in X.509 certificates
[    1.471234] Loaded X.509 cert 'Build time autogenerated kernel key: be62403dcace2d46f96dafa9f42421c610ef3c2a'
[    1.472723] zswap: loaded using pool lzo/zbud
[    1.475994] Key type big_key registered
[    1.476523] Key type trusted registered
[    1.483409] Key type encrypted registered
[    1.483895] AppArmor: AppArmor sha1 policy hashing enabled
[    1.484537] ima: No TPM chip found, activating TPM-bypass! (rc=-19)
[    1.485238] ima: Allocated hash algorithm: sha1
[    1.485817] evm: HMAC attrs: 0x1
[    1.486370]   Magic number: 5:870:448
[    1.486873] acpi APP0001:00: hash matches
[    1.496485] rtc_cmos rtc_cmos: setting system clock to 2021-01-04 21:25:13 UTC (1609795513)
[    1.516854] BIOS EDD facility v0.16 2004-Jun-25, 0 devices found
[    1.539884] EDD information not available.
[    1.553858] Freeing unused kernel image memory: 2436K
[    1.618275] Write protecting the kernel read-only data: 20480k
[    2.008792] Freeing unused kernel image memory: 2008K
[    2.040042] Freeing unused kernel image memory: 1872K
[    2.045675] x86/mm: Checked W+X mappings: passed, no W+X pages found.
[    2.089201] x86/mm: Checking user space page tables
[    2.094925] x86/mm: Checked W+X mappings: passed, no W+X pages found.
Loading, please wait...
starting version 237
[    2.147067] Fusion MPT base driver 3.04.20
[    2.161625] e1000: Intel(R) PRO/1000 Network Driver - version 7.3.21-k8-NAPI
[    2.228515] Copyright (c) 1999-2008 LSI Corporation
[    2.229296] e1000: Copyright (c) 1999-2006 Intel Corporation.
[    2.236360] Fusion MPT SPI Host driver 3.04.20
[    2.467696] input: ImExPS/2 Generic Explorer Mouse as /devices/platform/i8042/serio1/input/input4
[    2.474309] mptbase: ioc0: Initiating bringup
[    2.494924] AVX2 version of gcm_enc/dec engaged.
[    2.495676] AES CTR mode by8 optimization enabled
[    2.608578] ioc0: LSI53C1030 A0: Capabilities={Initiator}
[    3.210706] scsi host2: ioc0: LSI53C1030 A0, FwRev=00000000h, Ports=1, MaxQ=256, IRQ=20
[    4.128677] scsi 2:0:0:0: Direct-Access     VBOX     HARDDISK         1.0  PQ: 0 ANSI: 5
[    4.456210] scsi target2:0:0: Beginning Domain Validation
[    4.479120] e1000 0000:00:03.0 eth0: (PCI:33MHz:32-bit) 02:60:71:1d:34:36
[    4.559411] e1000 0000:00:03.0 eth0: Intel(R) PRO/1000 Network Connection
[    4.561368] scsi target2:0:0: Domain Validation skipping write tests
[    4.562114] scsi target2:0:0: Ending Domain Validation
[    4.562790] scsi target2:0:0: asynchronous
[    4.564027] scsi 2:0:1:0: Direct-Access     VBOX     HARDDISK         1.0  PQ: 0 ANSI: 5
[    4.596055] scsi target2:0:1: Beginning Domain Validation
[    4.597729] random: fast init done
[    4.598235] scsi target2:0:1: Domain Validation skipping write tests
[    4.600211] scsi target2:0:1: Ending Domain Validation
[    4.601006] scsi target2:0:1: asynchronous
[    4.604534] random: systemd-udevd: uninitialized urandom read (16 bytes read)
[    4.605546] random: systemd-udevd: uninitialized urandom read (16 bytes read)
[    4.607102] random: systemd-udevd: uninitialized urandom read (16 bytes read)
[    4.608476] sd 2:0:0:0: [sda] 20971520 512-byte logical blocks: (10.7 GB/10.0 GiB)
[    4.609520] sd 2:0:0:0: Attached scsi generic sg0 type 0
[    4.610253] sd 2:0:0:0: [sda] Write Protect is off
[    4.624318] sd 2:0:1:0: Attached scsi generic sg1 type 0
[    4.626603] sd 2:0:0:0: [sda] Incomplete mode parameter data
[    4.627679] sd 2:0:0:0: [sda] Assuming drive cache: write through
[    4.629978] sd 2:0:1:0: [sdb] 20480 512-byte logical blocks: (10.5 MB/10.0 MiB)
[    4.631184] sd 2:0:1:0: [sdb] Write Protect is off
[    4.632241] sd 2:0:1:0: [sdb] Incomplete mode parameter data
[    4.632960] sd 2:0:1:0: [sdb] Assuming drive cache: write through
[    4.640561]  sda: sda1
[    4.641469] sd 2:0:0:0: [sda] Attached SCSI disk
[    4.642542] sd 2:0:1:0: [sdb] Attached SCSI disk
[    4.914865] e1000 0000:00:08.0 eth1: (PCI:33MHz:32-bit) 08:00:27:3d:af:27
[    5.399410] e1000 0000:00:08.0 eth1: Intel(R) PRO/1000 Network Connection
[    6.010824] e1000 0000:00:03.0 enp0s3: renamed from eth0
[    6.088402] e1000 0000:00:08.0 enp0s8: renamed from eth1
Begin: Loading essential drivers ... [    7.648018] raid6: sse2x1   gen() 12795 MB/s
[    7.808028] raid6: sse2x1   xor() 10246 MB/s
[    7.908013] raid6: sse2x2   gen() 16732 MB/s
[    7.980017] raid6: sse2x2   xor() 11714 MB/s
[    8.116020] raid6: sse2x4   gen() 19935 MB/s
[    8.260017] raid6: sse2x4   xor() 12203 MB/s
[    8.320022] raid6: avx2x1   gen() 28148 MB/s
[    8.368015] raid6: avx2x1   xor() 19775 MB/s
[    8.472053] raid6: avx2x2   gen() 30702 MB/s
[    8.520032] raid6: avx2x2   xor() 21428 MB/s
[    8.620045] raid6: avx2x4   gen() 38131 MB/s
[    8.784021] raid6: avx2x4   xor() 23305 MB/s
[    8.868873] raid6: using algorithm avx2x4 gen() 38131 MB/s
[    8.869480] raid6: .... xor() 23305 MB/s, rmw enabled
[    8.870042] raid6: using avx2x2 recovery algorithm
[    8.871324] xor: automatically using best checksumming function   avx       
[    8.872773] async_tx: api initialized (async)
done.
Begin: Running /[    8.904397] Btrfs loaded, crc32c=crc32c-intel
scripts/init-premount ... done.
Begin: Mounting root file system ... Begin: Running /scripts/local-top ... done.
Begin: Running /scripts/local-premount ... Scanning for Btrfs filesystems
done.
Warning: fsck no[    9.410078] EXT4-fs (sda1): mounted filesystem with ordered data mode. Opts: (null)
t present, so skipping root file system
done.
Begin: Running /scripts/local-bottom ... done.
Begin: Running /scripts/init-bottom ... done.
[   10.184609] ip_tables: (C) 2000-2006 Netfilter Core Team
[   10.208437] systemd[1]: systemd 237 running in system mode. (+PAM +AUDIT +SELINUX +IMA +APPARMOR +SMACK +SYSVINIT +UTMP +LIBCRYPTSETUP +GCRYPT +GNUTLS +ACL +XZ +LZ4 +SECCOMP +BLKID +ELFUTILS +KMOD -IDN2 +IDN -PCRE2 default-hierarchy=hybrid)
[   11.910995] systemd[1]: Detected virtualization oracle.
[   11.911583] systemd[1]: Detected architecture x86-64.

Welcome to [1mUbuntu 18.04.5 LTS[0m!

[   12.022591] systemd[1]: Set hostname to <ubuntu>.
[   12.027252] systemd[1]: Initializing machine ID from random generator.
[   12.028085] systemd[1]: Installed transient /etc/machine-id file.
[   12.413582] systemd[1]: Set up automount Arbitrary Executable File Formats File System Automount Point.
[[0;32m  OK  [0m] Set up automount Arbitrary Executabâ€¦rmats File System Automount Point.
[   12.445951] systemd[1]: Started Forward Password Requests to Wall Directory Watch.
[[0;32m  OK  [0m] Started Forward Password Requests to Wall Directory Watch.
[   12.500207] systemd[1]: Reached target User and Group Name Lookups.
[[0;32m  OK  [0m] Reached target User and Group Name Lookups.
[   12.957602] systemd[1]: Reached target Swap.
[[0;32m  OK  [0m] Reached target Swap.
[[0;32m  OK  [0m] Reached target System Time Synchronized.
[[0;32m  OK  [0m] Created slice System Slice.
[[0;32m  OK  [0m] Listening on udev Kernel Socket.
[[0;32m  OK  [0m] Listening on Journal Socket (/dev/log).
[[0;32m  OK  [0m] Listening on LVM2 poll daemon socket.
[[0;32m  OK  [0m] Listening on Network Service Netlink Socket.
[[0;32m  OK  [0m] Listening on udev Control Socket.
[[0;32m  OK  [0m] Listening on Syslog Socket.
[[0;32m  OK  [0m] Listening on Journal Socket.
         Mounting POSIX Message Queue File System...
         Starting Load Kernel Modules...
         Mounting Kernel Debug File System...
         Starting Create list of required stâ€¦ce nodes for the current kernel...
         Startin[   13.276639] Loading iSCSI transport class v2.0-870.
g Uncomplicated firewall...
[   13.319726] iscsi: registered transport (tcp)
         Starting Remount Root a[   13.336655] iscsi: registered transport (iser)
nd Kernel File Systems...
[   13.399461] EXT4-fs (sda1): re-mounted. Opts: (null)
         Starting Set the console keyboard layout...
[[0;32m  OK  [0m] Listening on Device-mapper event daemon FIFOs.
         Mounting Huge Pages File System...
[[0;32m  OK  [0m] Created slice system-serial\x2dgetty.slice.
[[0;32m  OK  [0m] Listening on LVM2 metadata daemon socket.
         Starting udev Coldplug all Devices...
         Starting Monitoring of LVM2 mirrorsâ€¦ng dmeventd or progress polling...
[[0;32m  OK  [0m] Listening on /dev/initctl Compatibility Named Pipe.
[[0;32m  OK  [0m] Created slice User and Session Slice.
[[0;32m  OK  [0m] Reached target Slices.
[[0;32m  OK  [0m] Listening on Journal Audit Socket.
         Starting Journal Service...
[[0;32m  OK  [0m] Mounted POSIX Message Queue File System.
[[0;32m  OK  [0m] Started Load Kernel Modules.
[[0;32m  OK  [0m] Mounted Kernel Debug File System.
[[0;32m  OK  [0m] Started Journal Service.
[[0;32m  OK  [0m] Started Create list of required staâ€¦vice nodes for the current kernel.
[[0;32m  OK  [0m] Started Uncomplicated firewall.
[[0;32m  OK  [0m] Started Remount Root and Kernel File Systems.
[[0;32m  OK  [0m] Mounted Huge Pages File System.
[[0;32m  OK  [0m] Started LVM2 metadata daemon.
         Starting Load/Save Random Seed...
         Starting Create Static Device Nodes in /dev...
         Starting Flush Journal to Persistent Storage...
         Mounting FUSE Control File System...
         Starting Apply Kernel Variables...
         [   13.834830] random: crng init done
[   13.836519] random: 7 urandom warning(s) missed due to ratelimiting
Mounting Kernel Configuration File System...
[[0;32m  OK  [0m] Started Create Static Device Nodes in /dev.
[[0;32m  OK  [0m] Started Monitoring of LVM2 mirrors,â€¦sing dmeventd or progress polling.
[[0;32m  OK  [0m] Started udev Coldplug all Devices.
[[0;32m  OK  [0m] Started Load/Save Random Seed.
[[0;32m  OK  [0m] Mounted FUSE Control File System.
[[0;32m  OK  [0m] Started Apply Kernel Variables.
[[0;32m  OK  [0m] Mounted Kernel Configuration File System.
         Starting udev Kernel Device Manager...
[[0;32m  OK  [0m] Started Flush Journal to Persistent Storage.
[[0;32m  OK  [0m] Started udev Kernel Device Manager.
[[0;32m  OK  [0m] Found device /dev/ttyS0.
[[0;32m  OK  [0m] Listening on Load/Save RF Kill Switch Status /dev/rfkill Watch.
[[0;32m  OK  [0m] Started Set the console keyboard layout.
[[0;32m  OK  [0m] Reached target Local File Systems (Pre).
[[0;32m  OK  [0m] Reached target Local File Systems.
         Starting Tell Plymouth To Write Out Runtime Data...
         Starting Commit a transient machine-id on disk...
         Starting Set console font and keymap...
         Starting AppArmor initialization...
         Starting ebtables ruleset management...
         Starting Create Volatile Files and Directories...
[[0;32m  OK  [0m] Started Dispatch Password Requests to Console Directory Watch.
[[0;32m  OK  [0m] Reached target Local Encrypted Volumes.
[[0;32m  OK  [0m] Started Tell Plymouth To Write Out Runtime Data.
[[0;32m  OK  [0m] Started Commit a transient machine-id on disk.
[[0;32m  OK  [0m] Started Set console font and keymap.
[[0;32m  OK  [0m] Started Create Volatile Files and Directories.
         Starting Update UTMP about System Boot/Shutdown...
[[0;32m  OK  [0m] Started Update UTMP about System Boot/Shutdown.
[[0;32m  OK  [0m] Started ebtables ruleset management.
[[0;32m  OK  [0m] Started AppArmor initialization.
         Starting Load AppArmor profiles managed internally by snapd...
         Starting Initial cloud-init job (pre-networking)...
[[0;32m  OK  [0m] Started Load AppArmor profiles managed internally by snapd.
[   16.431261] cloud-init[682]: Cloud-init v. 20.3-2-g371b392c-0ubuntu1~18.04.1 running 'init-local' at Mon, 04 Jan 2021 21:25:28 +0000. Up 16.15 seconds.
[[0;32m  OK  [0m] Started Initial cloud-init job (pre-networking).
[[0;32m  OK  [0m] Reached target Network (Pre).
         Starting Network Service...
[[0;32m  OK  [0m] Started Network Service.
         Starting Wait for Network to be Configured...
         Starting Network Name Resolution...
[[0;32m  OK  [0m] Started Network Name Resolution.
[[0;32m  OK  [0m] Reached target Network.
[[0;32m  OK  [0m] Reached target Host and Network Name Lookups.
[[0;32m  OK  [0m] Started Wait for Network to be Configured.
         Starting Initial cloud-init job (metadata service crawler)...
[   18.836066] cloud-init[818]: Cloud-init v. 20.3-2-g371b392c-0ubuntu1~18.04.1 running 'init' at Mon, 04 Jan 2021 21:25:30 +0000. Up 18.73 seconds.
[   18.838192] cloud-init[818]: ci-info: ++++++++++++++++++++++++++++++++++++++Net device info+++++++++++++++++++++++++++++++++++++++
[   18.840099] cloud-init[818]: ci-info: +--------+-------+----------------------------+---------------+--------+-------------------+
[   18.841901] cloud-init[818]: ci-info: | Device |   Up  |          Address           |      Mask     | Scope  |     Hw-Address    |
[   18.845001] cloud-init[818]: ci-info: +--------+-------+----------------------------+---------------+--------+-------------------+
[   18.846899] cloud-init[818]: ci-info: | enp0s3 |  True |         10.0.2.15          | 255.255.255.0 | global | 02:60:71:1d:34:36 |
[   18.849265] cloud-init[818]: ci-info: | enp0s3 |  True | fe80::60:71ff:fe1d:3436/64 |       .       |  link  | 02:60:71:1d:34:36 |
[   18.850987] cloud-init[818]: ci-info: | enp0s8 | False |             .              |       .       |   .    | 08:00:27:3d:af:27 |
[   18.852647] cloud-init[818]: ci-info: |   lo   |  True |         127.0.0.1          |   255.0.0.0   |  host  |         .         |
[   18.866625] cloud-init[818]: ci-info: |   lo   |  True |          ::1/128           |       .       |  host  |         .         |
[   18.874376] cloud-init[818]: ci-info: +--------+-------+----------------------------+---------------+--------+-------------------+
[   18.884403] cloud-init[818]: ci-info: ++++++++++++++++++++++++++++Route IPv4 info+++++++++++++++++++++++++++++
[   18.899772] cloud-init[818]: ci-info: +-------+-------------+----------+-----------------+-----------+-------+
[   18.901339] cloud-init[818]: ci-info: | Route | Destination | Gateway  |     Genmask     | Interface | Flags |
[   18.939701] cloud-init[818]: ci-info: +-------+-------------+----------+-----------------+-----------+-------+
[   18.991234] cloud-init[818]: ci-info: |   0   |   0.0.0.0   | 10.0.2.2 |     0.0.0.0     |   enp0s3  |   UG  |
[   18.993286] cloud-init[818]: ci-info: |   1   |   10.0.2.0  | 0.0.0.0  |  255.255.255.0  |   enp0s3  |   U   |
[   18.995304] cloud-init[818]: ci-info: |   2   |   10.0.2.2  | 0.0.0.0  | 255.255.255.255 |   enp0s3  |   UH  |
[   18.997345] cloud-init[818]: ci-info: +-------+-------------+----------+-----------------+-----------+-------+
[   18.999400] cloud-init[818]: ci-info: +++++++++++++++++++Route IPv6 info+++++++++++++++++++
[   19.001259] cloud-init[818]: ci-info: +-------+-------------+---------+-----------+-------+
[   19.025876] cloud-init[818]: ci-info: | Route | Destination | Gateway | Interface | Flags |
[   19.031003] cloud-init[818]: ci-info: +-------+-------------+---------+-----------+-------+
[   19.046604] cloud-init[818]: ci-info: |   1   |  fe80::/64  |    ::   |   enp0s3  |   U   |
[   19.076566] cloud-init[818]: ci-info: |   3   |    local    |    ::   |   enp0s3  |   U   |
[   19.116962] cloud-init[818]: ci-info: |   4   |   ff00::/8  |    ::   |   enp0s3  |   U   |
[   19.154173] cloud-init[818]: ci-info: +-------+-------------+---------+-----------+-------+
[   19.511588] cloud-init[818]: Generating public/private rsa key pair.
[   19.533734] cloud-init[818]: Your identification has been saved in /etc/ssh/ssh_host_rsa_key.
[[0;32m  OK  [0m] Started Initial cloud-init job (metadata service crawler).
[   19.609951] cloud-init[[0;32m  OK  [0m] Reached target Cloud-config availability.
[[0;32m  OK  [0m] Reached target System Initialization.
[[0;32m  OK  [0m] Started Message of the Day.
[818]: Your public key has been saved in /etc/ssh/ssh_host_rsa_key.pub.
[[0;32m  OK  [0m] Started ACPI Events Check.
[[0;32m  OK  [0m] Reached target Paths.
[[0;32m  OK  [0m] Started Daily Cleanup of Temporary Directories.
[[0;32m  OK  [0m] Started Daily apt download activities.
[[0;32m  OK  [0m] Started Daily apt upgrade and clean activities.
[[0;32m  OK  [0m] Listening on D-Bus System Message Bus Socket.
[[0;32m  OK  [0m] Started Discard unused blocks once a week.
[[0;32m  OK  [0m] Reached target Timers.
         Starting Socket activation for snappy daemon.
[   19.641999] cloud-init[818]: The key fingerprint is:
         Starting LXD - unix socket.
[[0;32m  OK  [0m] Listening on ACPID Listen Socket.
[[0;32m  OK  [0m] Listening on UUID daemon activation socket.
[[0;32m  OK  [0m] Listening on Open-iSCSI iscsid Socket.
[[0;32m  OK  [0m] Reached target Network is Online.
[[0;32m  OK  [0m] Reached target Remote File Systems (Pre).
[[0;32m  OK  [0m] Reached target Remote File Systems.
         Starting Availability of block devices...
[[0;32m  OK  [0m] Listening on Socket activation for snappy daemon.
[   19.715776] cloud-init[818]: SHA256:BeEhiRWQGBUCr8uNfqjeSFh9TS9TTRVIihvzrdH0Hoo root@ubuntu-bionic
[[0;32m  OK  [0m] Listening on LXD - unix socket.
[   19.737236] cloud-init[818]: The key's randomart image is:
[[0;32m  OK  [0m] Started Availability of block devices.
[   19.794944] [[0;32m  OK  [0m] Reached target Sockets.
[[0;32m  OK  [0m] Reached target Basic System.
cloud-init[818]: +---[RSA 2048]----+
         Starting LSB: Record successful boot for GRUB...
[   19.808064] cloud-init[818]: |..o++*+o+. .ooo. |
[   19.920266]          cloud-initStarting Dispatcher daemon for systemd-networkd...[818]: 
| ...o .o + +.    |
         Starting Login Service...
[   19.951210] cloud-init[818]: |  .     * + o    |
         Starting System Logging Service...
[   20.017860] cloud-init[818]: | . .   o O + .   |
         Starting Permit User Sessions...
[   20.060677] cloud-init[818]: |. . . . S + o o  |
         Starting LXD - container startup/shutdown...
[   20.096163] cloud-init[818]: |ooo  .   o + o . |
[[0;32m  OK  [0m] Started Deferred execution scheduler.
[   20.138956] cloud-init[818]: |o+..      E . .  |         Starting Virtualbox guest utils...

[[0;32m  OK  [0m] Started irqbalance daemon.
[   20.199709] cloud-init[818]: |o.o.             |
[   20.203661] cloud-init[818]: |++..             |
[[0;32m  OK  [0m] Started D-Bus System Message Bus.
[   20.218492] cloud-init[818]: +----[SHA256]-----+
[[0;32m  OK  [0m] Started Login Service.
[   20.277782] cloud-init[818]: [[0;32m  OK  [0m] Started Unattended Upgrades Shutdown.
Generating public/private dsa key pair.
         Starting Accounts Service...
[   20.331223] cloud-init[818]: Your identification has been saved in /etc/ssh/ssh_host_dsa_key.
[[0;32m  OK  [0m] Started Regular background program processing daemon.[   20.436205] cloud-init[818]: Your public key has been saved in /etc/ssh/ssh_host_dsa_key.pub.
[   20.437662] 
cloud-init[818]: The key fingerprint is:
[[0;32m  OK  [0m] Started FUSE filesystem for LXC.
[   20.476414] cloud-init[818]: SHA256:vHJL23fZ1AjFCy5f75I1IawqGtc3XWtZ9UlU8o4LbZ8 root@ubuntu-bionic
         Starting Pollinate to seed the pseudo random number generator...
         Starting LSB: automatic crash report generation...
[   20.519874] cloud-init[818]: The key's randomart image is:
[   20.626946] cloud-init[818]: +---[DSA 1024]----+
         Starting Snap Daemon...
[   20.629258] cloud-init[818]: |             ...o|
[   20.631341] cloud-init[818]: [[0;32m  OK  [0m] Started System Logging Service.
[[0;32m  OK  [0m] Started Dispatcher daemon for systemd-networkd.
[[0;32m  OK  [0m] Started Permit User Sessions.
|            . +o |
[[0;32m  OK  [0m] Started LXD - container startup/shutdown.
[   20.655163] cloud-init[818]: |           ..o oo|
[   20.676589] cloud-init[818]: |       .  . o++++|
[   20.677496] cloud-init[818]: |        S  ooo==*|
[   20.679298] cloud-init[818]: |        .. .ooo+X|
[   20.680193] cloud-init[818]: |     ...+..o ..Eo|
         Starting Authorization Manager...
[   20.684272] cloud-init[818]:          Starting Hold until boot process finishes up...
         Starting Terminate Plymouth Boot Screen...
|      o= =. o * o|
[   20.687952] [[0;32m  OK  [0m] Started Hold until boot process finishes up.
[[0;32m  OK  [0m] Started Serial Getty on ttyS0.
         Starting Set console scheme...
cloud-init[818]: |     .. + .. . . |
[   20.691667] cloud-init[818]: +----[SHA256]-----+
[   20.693285] cloud-init[818]: Generating public/private ecdsa key pair.
[   20.695766] cloud-init[818]: Your identification has been saved in /etc/ssh/ssh_host_ecdsa_key.[[0;32m  OK  [0m] Started Terminate Plymouth Boot Screen.

[   20.698107] cloud-init[818]: Your public key has been saved in /etc/ssh/ssh_host_ecdsa_key.pub.
[   20.701098] cloud-init[818]: The key fingerprint is:
[   20.702544] cloud-init[818]: SHA256:UVdAD8R9xtgBY+VHa5SafEvMFo7yiL/8Agp1BpjsnaM root@ubuntu-bionic
[   20.704969] cloud-init[818]: The key's randomart image is:
[   20.707449] cloud-init[818]: +---[ECDSA 256]---+
[   20.736459] cloud-init[818]: |    . o   .+*B+B+|
[   20.737391] cloud-init[818]: |     + . . .oo*+*|
[   20.738103] cloud-init[818]: |    . . +   . O*o|
[   20.738946] cloud-init[818]: |     . = + . =.B.|
[   20.739882] cloud-init[818]: |      o S . + + .|
[   20.740976] cloud-init[818]: |     E   o . . . |
[   20.742489] cloud-init[818]: |      . . o      |
[   20.743271] cloud-init[818]: |       .  .o     |
[   20.744108] cloud-init[818]: |           o+.   |
[   20.745007] cloud-init[818]: +----[SHA256]-----+
[[0;32m  OK  [0m] Started Authorization Manager.
[   20.772642] cloud-init[[0;32m  OK  [0m] Started Set console scheme.
[[0;32m  OK  [0m] Started Accounts Service.
[[0;32m  OK  [0m] Created slice system-getty.slice.
[818]: Generating public/private ed25519 key pair.[[0;32m  OK  [0m] Started Getty on tty1.
[[0;32m  OK  [0m] Reached target Login Prompts.

[   20.809771] cloud-init[818]: Your identification has been saved in /etc/ssh/ssh_host_ed25519_key.
[   20.816975] cloud-init[818]: Your public key has been saved in /etc/ssh/ssh_host_ed25519_key.pub.
[[0;32m  OK  [0m] Started LSB: automatic crash report generation.
[   20.830871] cloud-init[818]: The key fingerprint is:
[   20.837211] cloud-init[818]: SHA256:HmmnmX6rvjSHtOZO1ei8wbPmt95alicHl0gKs4jLRnQ root@ubuntu-bionic
[   20.841905] cloud-init[818]: The key's randomart image is:
[   20.844330] cloud-init[818]: +--[ED25519 256]--+
[   20.846235] cloud-init[818]: |                 |
[   20.849874] cloud-init[818]: |                 |
[   20.851547] cloud-init[818]: |     . E o   .   |
[   20.853439] cloud-init[818]: |    . o ..+oo . .|
[   20.855231] cloud-init[818]: |     o .S.+......|
[   20.858011] cloud-init[818]: |    o .+ &     + |
[   20.860146] cloud-init[818]: |     +  % B   = o|
[   20.875447] cloud-init[818]: |    .  * oo=.+ + |
[   20.876931] cloud-init[818]: |       oB*=++o.  |
[   20.877787] cloud-init[818]: +----[SHA256]-----+
[[0;32m  OK  [0m] Started Virtualbox guest utils.
[[0;32m  OK  [0m] Started LSB: Record successful boot for GRUB.
[[0;32m  OK  [0m] Started Snap Daemon.
         Starting Wait until snapd is fully seeded...
[[0;32m  OK  [0m] Started Pollinate to seed the pseudo random number generator.
         Starting OpenBSD Secure Shell server...
[[0;32m  OK  [0m] Started OpenBSD Secure Shell server.
[[0;32m  OK  [0m] Started Wait until snapd is fully seeded.
         Starting Apply the settings specified in cloud-config...
[[0;32m  OK  [0m] Reached target Multi-User System.
[[0;32m  OK  [0m] Reached target Graphical Interface.
         Starting Update UTMP about System Runlevel Changes...
[[0;32m  OK  [0m] Started Update UTMP about System Runlevel Changes.
[   25.553477] cloud-init[1404]: Cloud-init v. 20.3-2-g371b392c-0ubuntu1~18.04.1 running 'modules:config' at Mon, 04 Jan 2021 21:25:37 +0000. Up 25.25 seconds.
[[0;32m  OK  [0m] Created slice User Slice of vagrant.
         Starting User Manager for UID 1000...
[[0;32m  OK  [0m] Started Apply the settings specified in cloud-config.
[[0;32m  OK  [0m] Started Session 1 of user vagrant.
         Starting Execute cloud user/final scripts...
[[0;32m  OK  [0m] Started User Manager for UID 1000.
ci-info: no authorized SSH keys fingerprints found for user ubuntu.
<14>Jan  4 21:25:38 ec2: 
<14>Jan  4 21:25:38 ec2: #############################################################
<14>Jan  4 21:25:38 ec2: -----BEGIN SSH HOST KEY FINGERPRINTS-----
<14>Jan  4 21:25:38 ec2: 1024 SHA256:vHJL23fZ1AjFCy5f75I1IawqGtc3XWtZ9UlU8o4LbZ8 root@ubuntu-bionic (DSA)
<14>Jan  4 21:25:38 ec2: 256 SHA256:UVdAD8R9xtgBY+VHa5SafEvMFo7yiL/8Agp1BpjsnaM root@ubuntu-bionic (ECDSA)
<14>Jan  4 21:25:38 ec2: 256 SHA256:HmmnmX6rvjSHtOZO1ei8wbPmt95alicHl0gKs4jLRnQ root@ubuntu-bionic (ED25519)
<14>Jan  4 21:25:38 ec2: 2048 SHA256:BeEhiRWQGBUCr8uNfqjeSFh9TS9TTRVIihvzrdH0Hoo root@ubuntu-bionic (RSA)
<14>Jan  4 21:25:38 ec2: -----END SSH HOST KEY FINGERPRINTS-----
<14>Jan  4 21:25:38 ec2: #############################################################
-----BEGIN SSH HOST KEY KEYS-----
ecdsa-sha2-nistp256 AAAAE2VjZHNhLXNoYTItbmlzdHAyNTYAAAAIbmlzdHAyNTYAAABBBCPfTn0iJRQKK7ZQbH5ks1o6nPfl++Oi1tN82cN5QS3os+lOxPeWgzLNVJ2g/QuL+ckV/sngkX9QbxofQQyFJKI= root@ubuntu-bionic
ssh-ed25519 AAAAC3NzaC1lZDI1NTE5AAAAIG8dsB+O+nX8bjSH72Q8LjY3U9kgy5FTWZeFEMWclCZi root@ubuntu-bionic
ssh-rsa AAAAB3NzaC1yc2EAAAADAQABAAABAQC+woJUUbFn+M5h38Qwu88ZHuGTeWquDxo7TlkHcQEgxWz7MmMnZ4OPj+ePmTMJ+SFjfUC5ekDZcPovS0/7QGZgaNREYiXCK5GiqHWlLLQZxSd8mVkexJ8nTr1aEs/0bcXLsRWDx/Y9BSOMyY9olWpTl+12Nri344LlGnPyyHpt38O/DPh5FjBSIQM6Yu3KjoHBnfPjRrRbYvfklX7vD4CA8m1cQkSvFJYznAU7BH6IxmkdgZ5LK1LPMFiZeyuTa5Ba6Q92EzFggO5WDVVGrTmjvUzJsEmGgSkFi7M8La1TYZ4p7lVmrepB28CK4XxvaBEb+XCitaCqCIqERSCUgzFx root@ubuntu-bionic
-----END SSH HOST KEY KEYS-----
[   26.115435] cloud-init[1493]: Cloud-init v. 20.3-2-g371b392c-0ubuntu1~18.04.1 running 'modules:final' at Mon, 04 Jan 2021 21:25:37 +0000. Up 25.91 seconds.
[   26.115511] cloud-init[1493]: ci-info: no authorized SSH keys fingerprints found for user ubuntu.
[   26.115546] cloud-init[1493]: Cloud-init v. 20.3-2-g371b392c-0ubuntu1~18.04.1 finished at Mon, 04 Jan 2021 21:25:38 +0000. Datasource DataSourceNoCloud [seed=/dev/sdb][dsmode=net].  Up 26.11 seconds

Ubuntu 18.04.5 LTS ubuntu-bionic ttyS0

ubuntu-bionic login: 