[    0.000000] Linux version 4.15.0-124-generic (buildd@lgw01-amd64-029) (gcc version 7.5.0 (Ubuntu 7.5.0-3ubuntu1~18.04)) #127-Ubuntu SMP Fri Nov 6 10:54:43 UTC 2020 (Ubuntu 4.15.0-124.127-generic 4.15.18)
[    0.000000] Command line: BOOT_IMAGE=/boot/vmlinuz-4.15.0-124-generic root=LABEL=cloudimg-rootfs ro console=tty1 console=ttyS0
[    0.000000] KERNEL supported cpus:
[    0.000000]   Intel GenuineIntel
[    0.000000]   AMD AuthenticAMD
[    0.000000]   Centaur CentaurHauls
[    0.000000] x86/fpu: Supporting XSAVE feature 0x001: 'x87 floating point registers'
[    0.000000] x86/fpu: Supporting XSAVE feature 0x002: 'SSE registers'
[    0.000000] x86/fpu: Supporting XSAVE feature 0x004: 'AVX registers'
[    0.000000] x86/fpu: xstate_offset[2]:  576, xstate_sizes[2]:  256
[    0.000000] x86/fpu: Enabled xstate features 0x7, context size is 832 bytes, using 'standard' format.
[    0.000000] e820: BIOS-provided physical RAM map:
[    0.000000] BIOS-e820: [mem 0x0000000000000000-0x000000000009fbff] usable
[    0.000000] BIOS-e820: [mem 0x000000000009fc00-0x000000000009ffff] reserved
[    0.000000] BIOS-e820: [mem 0x00000000000f0000-0x00000000000fffff] reserved
[    0.000000] BIOS-e820: [mem 0x0000000000100000-0x00000000dffeffff] usable
[    0.000000] BIOS-e820: [mem 0x00000000dfff0000-0x00000000dfffffff] ACPI data
[    0.000000] BIOS-e820: [mem 0x00000000fec00000-0x00000000fec00fff] reserved
[    0.000000] BIOS-e820: [mem 0x00000000fee00000-0x00000000fee00fff] reserved
[    0.000000] BIOS-e820: [mem 0x00000000fffc0000-0x00000000ffffffff] reserved
[    0.000000] BIOS-e820: [mem 0x0000000100000000-0x000000011fffffff] usable
[    0.000000] NX (Execute Disable) protection: active
[    0.000000] SMBIOS 2.5 present.
[    0.000000] DMI: innotek GmbH VirtualBox/VirtualBox, BIOS VirtualBox 12/01/2006
[    0.000000] Hypervisor detected: KVM
[    0.000000] e820: last_pfn = 0x120000 max_arch_pfn = 0x400000000
[    0.000000] MTRR: Disabled
[    0.000000] x86/PAT: MTRRs disabled, skipping PAT initialization too.
[    0.000000] CPU MTRRs all blank - virtualized system.
[    0.000000] x86/PAT: Configuration [0-7]: WB  WT  UC- UC  WB  WT  UC- UC  
[    0.000000] e820: last_pfn = 0xdfff0 max_arch_pfn = 0x400000000
[    0.000000] found SMP MP-table at [mem 0x0009fff0-0x0009ffff]
[    0.000000] Scanning 1 areas for low memory corruption
[    0.000000] RAMDISK: [mem 0x35a67000-0x36d2afff]
[    0.000000] ACPI: Early table checksum verification disabled
[    0.000000] ACPI: RSDP 0x00000000000E0000 000024 (v02 VBOX  )
[    0.000000] ACPI: XSDT 0x00000000DFFF0030 00003C (v01 VBOX   VBOXXSDT 00000001 ASL  00000061)
[    0.000000] ACP: FACP 0x00000000DFFF00F0 0000F4 (v04 VBOX   VBOXFACP 0000000 ASL  00000061)
[    0.000000] ACPI: DSDT 0x00000000DFFF0470 0021FF (v02 VBOX   VBOXBIOS 00000002 INTL 20180105)
[    0.000000] ACPI: FACS 0x00000000DFFF0200 000040
[    0.000000] ACPI: FACS 0x00000000DFFF0200 000040
[    0.000000] ACPI: APIC 0x00000000DFFF0240 00005C (v02 VBOX   VBOXAPIC 00000001 ASL  00000061)
[    0.000000] ACPI: SSDT 0x00000000DFFF02A0 0001CC (v01 VBOX   VBOXCPUT 00000002 INTL 20180105)
[    0.000000] No NUMA configuration found
[    0.000000] Faking a node at [mem 0x0000000000000000-0x000000011fffffff]
[    0.000000] NODE_DATA(0) allocated [mem 0x11ffd1000-0x11fffbfff]
[    0.000000] kvm-clock: cpu 0, msr 1:1ff50001, primary cpu clock
[    0.000000] kvm-clock: Using msrs 4b564d01 and 4b564d00
[    0.000000] kvm-clock: using sched offset of 3219365874 cycles
[    0.000000] clocksource: kvm-clock: mask: 0xffffffffffffffff max_cycles: 0x1cd42e4dffb, max_idle_ns: 881590591483 ns
[    0.000000] Zone ranges:
[    0.000000]   DMA      [mem 0x0000000000001000-0x0000000000ffffff]
[    0.000000]   DMA32    [mem 0x0000000001000000-0x00000000ffffffff]
[    0.000000]   Normal   [mem 0x0000000100000000-0x000000011fffffff]
[    0.000000]   Device   empty
[    0.000000] Movable zone start for each node
[    0.000000] Early memory node ranges
[    0.000000]   node   0: [mem 0x0000000000001000-0x000000000009efff]
[    0.000000]   node   0: [mem 0x0000000000100000-0x00000000dffeffff]
[    0.000000]   node   0: [mem 0x0000000100000000-0x000000011fffffff]
[    0.000000] Reserved but unavailable: 98 pages
[    0.000000] Initmem setup no 0[mem 0x000000000001000-0x000000011fffffff]
[    0.000000] ACPI: PM-Timer IO Port: 0x4008
[    0.000000] IOAPIC[0]: apic_id 2, version 32, address 0xfec00000, GSI 0-23
[    0.000000] ACPI: INT_SRC_OVR (bus 0 bus_irq 0 global_irq 2 dfl dfl)
[    0.000000] ACPI: INT_SRC_OVR (bus 0 bus_irq 9 global_irq 9 low level)
[    0.000000] Using ACPI (MADT) for SMP configuration information
[    0.000000] smpboot: Allowing 2 CPUs, 0 hotplug CPUs
[    0.000000] PM: Registered nosave memory: [mem 0x00000000-0x00000fff]
[    0.000000] PM: Registered nosave memory: [mem 0x0009f000-0x0009ffff]
[    0.000000] PM: Registered nosave memory: [mem 0x000a0000-0x000effff]
[    0.000000] PM: Registered nosave memory: [mem 0x000f0000-0x000fffff]
[    0.000000] PM: Registered nosave memory: [mem 0xdfff0000-0xdfffffff]
[    0.000000] PM: Registered nosave memory: [mem 0xe0000000-0xfebfffff]
[    0.000000] PM: Registered nosave memory: [mem 0xfec00000-0xfec00fff]
[    0.000000] PM: Registered nosave memory: [mem 0xfec01000-0xfedfffff]
[    0.000000] PM: Registered nosave memory: [mem 0xfee00000-0xfee00fff]
[    0.000000] PM: Registered nosave memory: [mem 0xfee01000-0xfffbffff]
[    0.000000] PM: Registered nosave memory: [mem 0xfffc0000-0xffffffff]
[    0.000000] e820: [mem 0xe0000000-0xfebfffff] available for PCI devices
[    0.000000] Booting paravirtualized kernel on KVM
[    0.000000] clocksource: refined-jiffies: mask: 0xffffffff max_cycles: 0xffffffff, max_idle_ns: 7645519600211568 ns
[    0.000000] random: get_random_bytes called from start_kernel+0x99/0x500 with crng_init=0
[    0.000000] setup_percpu: NR_CPUS:8192 nr_cpumask_bits:2 nr_cpu_ids:2 nr_node_ids:1
[    0.000000] percpu: Embedded 45 pages/cpu s147456 r8192 d28672 u1048576
[    0.000000] PV qspinlock hash table entries: 256 (order: 0, 4096 bytes)
[    0.000000] Built 1 zonelists, mobility grouping on.  Total pages: 1032057
[    0.000000] Policy zone: Normal
[    0.000000] Kernel command line: BOOT_IMAGE=/boot/vmlinuz-4.15.0-124-generic root=LABEL=cloudimg-rootfs ro console=tty1 console=ttyS0
[    0.000000] Memory: 4013640K/4193848K available (12300K kernel code, 2482K rwdata, 4272K rodata, 2436K init, 2724K bss, 180208K reserved, 0K cma-reserved)
[    0.000000] SLUB: HWalign=64, Order=0-3, MinObjects=0, CPUs=2, Nodes=1
[    0.000000] Kernel/User page tables isolation: enabled
[    0.000000] ftrace: allocating 39402 entries in 154 pages
[    0.004000] Hierarchical RCU implementation.
[    0.004000] 	RCU restricting CPUs from NR_CPUS=8192 to nr_cpu_ids=2.
[    0.004000] 	Tasks RCU enabled.
[    0.004000] RCU: Adjusting geometry for rcu_fanout_leaf=16, nr_cpu_ids=2
[    0.004000] NR_IRQS: 524544, nr_irqs: 440, preallocated irqs: 16
[    0.004000] Console: colour VGA+ 80x25
[    0.004000] console [tty1] enabled
[    0.004000] console [ttyS0] enabled
[    0.004000] ACPI: Core revision 20170831
[    0.004000] ACPI: 2 ACPI AM tables successfully acquired and loaded
[   0.004000] APIC: Switch to symmetric I/O mode setup
[    0.004187] x2apic enabled
[    0.004793] Switched APIC routing to physical x2apic.
[    0.008793] ..TIMER: vector=0x30 apic1=0 pin1=2 apic2=-1 pin2=-1
[    0.012001] tsc: Detected 3600.010 MHz processor
[    0.016011] Calibrating delay loop (skipped) preset value.. 7200.02 BogoMIPS (lpj=14400040)
[    0.017208] pid_max: default: 32768 minimum: 301
[    0.017865] Security Framework initialized
[    0.018429] Yama: becoming mindful.
[    0.020020] AppArmor: AppArmor initialized
[    0.021643] Dentry cache hash table entries: 524288 (order: 10, 4194304 bytes)
[    0.023330] Inode-cache hash table entries: 262144 (order: 9, 2097152 bytes)
[    0.024016] Mount-cache hash table entries: 8192 (order: 4, 65536 bytes)
[    0.024903] Mountpoint-cache hash table entries: 8192 (order: 4, 65536 bytes)
[    0.026086] Last level iTLB entries: 4KB 64, 2MB 8, 4MB 8
[    0.026816] Last level dTLB entries: 4KB 64, 2MB 0, 4MB 0, 1GB 4
[    0.028002] Spectre V1 : Mitigation: usercopy/swapgs barriers and __user pointer sanitization
[    0.029139] Spectre V2 : Mitigation: Full generic retpoline
[    0.032003] Spectre V2 : Spectre v2 / SpectreRSB mitigation: Filling RSB on context switch
[    0.036001] Speculative Store Bypass: Vulnerable
[    0.036666] SRBDS: Unknown: Dependent on hypervisor status
[    0.037404] MDS: Mitigation: Clear CPU buffers
[    0.038204] Freeing SMP alternatives memory: 36K
[    0.149476] smpboot: CPU0: Intel(R) Core(TM) i7-7700 CPU @ 3.60GHz (family: 0x6, model: 0x9e, stepping: 0x9)
[    0.151098] Performance Events: unsupported p6 CPU model 158 no PMU driver, software events only.
[    0.152000] Hierarchical SRCU implementation.
[    0.152000] NMI watchdog: Perf event create on CPU 0 failed with -2
[    0.152002] NMI watchdog: Perf NMI watchdog permanently disabled
[    0.152854] smp: Bringing up secondary CPUs ...
[    0.153973] x86: Booting SMP configuration:
[    0.154574] .... node  #0, CPUs:      #1
[    0.004000] kvm-clock: cpu 1, msr 1:1ff50041, secondary cpu clock
[    0.158647] smp: Brought up 1 node, 2 CPUs
[    0.158647] smpboot: Max logical packages: 1
[    0.158647] smpboot: Total of 2 processors activated (14400.04 BogoMIPS)
[    0.160161] devtmpfs: initialized
[    0.160579] x86/mm: Memory block size: 128MB
[    0.161396] evm: security.selinux
[    0.161933] evm: security.SMACK64
[    0.162448] evm: security.SMACK64EXEC
[    0.162989] evm: security.SMACK64TRANSMUTE
[    0.164003] evm: security.SMACK64MMAP
[    0.164559] evm: security.apparmor
[    0.165114] evm: security.ima
[    0.165584] evm: security.capability
[    0.166150] clocksource: jiffies: mask: 0xffffffff max_cycles: 0xffffffff, max_idle_ns: 7645041785100000 ns
[    0.168011] futex hash table entries: 512 (order: 3, 32768 bytes)
[    0.172085] pinctrl core: initialized pinctrl subsystem
[    0.172790] RTC time: 21:21:35, date: 12/29/20
[    0.173444] NET: Registered protocol family 16
[    0.176089] audit: initializing netlink subsys (disabled)
[    0.178114] audit: type=2000 audit(1609276897.918:1): state=initialized audit_enabled=0 res=1
[    0.180009] cpuidle: using governor ladder
[    0.180616] cpuidle: using governor menu
[    0.181225] ACPI: bus type PCI registered
[    0.181809] acpiphp: ACPI Hot Plug PCI Controller Driver version: 0.5
[    0.182760] PCI: Using configuration type 1 for base access
[    0.184733] HugeTLB registered 2.00 MiB page size, pre-allocated 0 pages
[    0.188104] ACPI: Added _OSI(Module Device)
[    0.192003] ACPI: Added _OSI(Processor Device)
[    0.196004] ACPI: Added _OSI(3.0 _SCP Extensions)
[    0.196532] ACPI: Added _OSI(Processor Aggregator Device)
[    0.200002] ACPI: Added _OSI(Linux-Dell-Video)
[    0.204007] ACPI: Added _OSI(Linux-Lenovo-NV-HDMI-Audio)
[    0.208005] ACPI: Added _OSI(Linux-HPI-Hybrid-Graphics)
[    0.212189] ACPI: Executed 1 blocks of module-level executable AML code
[    0.216000] ACPI: Interpreter enabled
[    0.216010] ACPI: (supports S0 S5)
[    0.216497] ACPI: Using IOAPIC for interrupt routing
[    0.217326] PCI: Using host bridge windows from ACPI; if necessary, use "pci=nocrs" and report a bug
[    0.218689] ACPI: Enabled 2 GPEs in block 00 to 07
[    0.224541] ACPI: PCI Root Bridge [PCI0] (domain 0000 [bus 00-ff])
[    0.228009] acpi PNP0A03:00: _OSC: OS supports [ASPM ClockPM Segments MSI]
[    0.228934] acpi PNP0A03:00: _OSC: not requesting OS control; OS requires [ExtendedConfig ASPM ClockPM MSI]
[    0.232009] acpi PNP0A03:00: fail to add MMCONFIG information, can't access extended PCI configuration space under this bridge.
[    0.234238] PCI host bridge to bus 0000:00
[    0.234818] pci_bus 0000:00: root bus resource [io  0x0000-0x0cf7 window]
[    0.236002] pci_bus 0000:00: root bus resource [io  0x0d00-0xffff window]
[    0.236897] pci_bus 0000:00: root bus resource [mem 0x000a0000-0x000bffff window]
[    0.237919] pci_bus 0000:00: root bus resource [mem 0xe0000000-0xfdffffff window]
[    0.239016] pci_bus 0000:00: root bus resource [bus 00-ff]
[    0.241430] pci 0000:00:01.1: legacy IDE quirk: reg 0x10: [io  0x01f0-0x01f7]
[    0.242383] pci 0000:00:01.1: legacy IDE quirk: reg 0x14: [io  0x03f6]
[    0.243249] pci 0000:00:01.1: legacy IDE quirk: reg 0x18: [io  0x0170-0x0177]
[    0.244002] pci 0000:00:01.1: legacy IDE quirk: reg 0x1c: [io  0x0376]
[    0.277192] pci 0000:00:07.0: quirk: [io  0x4000-0x403f] claimed by PIIX4 ACPI
[    0.278235] pci 0000:00:07.0: quirk: [io  0x4100-0x410f] claimed by PIIX4 SMB
[    0.300539] ACPI: PCI Interrupt Link [LNKA] (IRQs 5 9 10 *11)
[    0.301587] ACPI: PCI Interrupt Link [LNKB] (IRQs 5 9 *10 11)
[    0.302432] ACPI: PCI Interrupt Link [LNKC] (IRQs 5 *9 10 11)
[    0.303286] ACPI: PCI Interrupt Link [LNKD] (IRQs 5 9 10 *11)
[    0.304325] SCSI subsystem initialized
[    0.304942] pci 0000:00:02.0: vgaarb: setting as boot VGA device
[    0.304942] pci 0000:00:02.0: vgaarb: VGA device added: decodes=io+mem,owns=io+mem,locks=none
[    0.306017] pci 0000:00:02.0: vgaarb: bridge control possible
[    0.306825] vgaarb: loaded
[    0.308043] ACPI: bus type USB registered
[    0.308539] usbcore: registered new interface driver usbfs
[    0.309133] usbcore: registered new interface driver hub
[    0.309751] usbcore: registered new device driver usb
[    0.312046] EDAC MC: Ver: 3.0.0
[    0.312537] PCI: Using ACPI for IRQ routing
[    0.312710] NetLabel: Initializing
[    0.313143] NetLabel:  domain hash size = 128
[    0.313660] NetLabel:  protocols = UNLABELED CIPSOv4 CALIPSO
[    0.314474] NetLabel:  unlabeled traffic allowed by default
[    0.316104] clocksource: Switched to clocksource kvm-clock
[    0.325413] VFS: Disk quotas dquot_6.6.0
[    0.326017] VFS: Dquot-cache hash table entries: 512 (order 0, 4096 bytes)
[    0.326992] AppArmor: AppArmor Filesystem Enabled
[    0.327706] pnp: PnP ACPI init
[    0.328819] pnp: PnP ACPI: found 3 devices
[  0.339331] clocksource: acpi_pm: mask: 0xffffff max_cycles: 0xffffff, max_idle_ns: 2085701024 ns
[    0.383035] NET: Registered protocol family2

[    0.403151] TCP established hash table entries: 32768 (order: 6, 262144 bytes)
[    0.404266] TCP bind hash table entries: 32768 (order: 7, 524288 bytes)
[    0.405183] TCP: Hash tables configured (established 32768 bind 32768)
[    0.406064] UDP hash table entries: 2048 (order: 4, 65536 bytes)
[    0.408586] UDP-Lite hash table entries: 2048 (order: 4, 65536 bytes)
[    0.409469] NET: Registered protocol family 1
[    0.410081] pci 0000:00:00.0: Limiting direct PCI/PCI transfers
[    0.410886] pci 0000:00:01.0: Activating ISA DMA hang workarounds
[    0.411801] pci 0000:00:02.0: Video device with shadowed ROM at [mem 0x000c0000-0x000dffff]
[    0.412999] Unpacking initramfs...
[    0.622336] Freeing initrd memory: 19216K
[    0.624250] PCI-DMA: Using software bounce buffering for IO (SWIOTLB)
[    0.625108] software IO TLB: mapped [mem 0xdbff0000-0xdfff0000] (64MB)
[    0.626011] clocksource: tsc: mask: 0xffffffffffffffff max_cycles: 0x33e45cd82d3, max_idle_ns: 440795345741 ns
[    0.627371] platform rtc_cmos: registered platform RTC device (no PNP device found)
[    0.628484] Scanning for low memory corruption every 60 seconds
[    0.629794] Initialise system trusted keyrings
[    0.630433] Key type blacklist registered
[    0.631093] workingset: timestamp_bits=36 max_order=20 bucket_order=0
[    0.633172] zbud: loaded
[    0.633980] squashfs: version 4.0 (2009/01/31) Phillip Lougher
[    0.634938] fuse init (API version 7.26)
[    0.637067] Key type asymmetric registered
[    0.637693] Asymmetric key parser 'x509' registered
[    0.638387] Block layer SCSI generic (bsg) driver version 0.4 loaded (major 246)
[    0.639465] io scheduler noop registered
[    0.640128] io scheduler deadline registered
[    0.725565] io scheduler cfq registered (default)
[    0.775063] ACPI: AC Adapter [AC] (on-line)
[    0.775635] input: Power Button as /devices/LNXSYSTM:00/LNXPWRBN:00/input/input0
[    0.777933] ACPI: Power Button [PWRF]
[    0.779173] input: Sleep Button as /devices/LNXSYSTM:00/LNXSLPBN:00/input/input1
[    0.780148] ACPI: Sleep Button [SLPF]
[    0.780846] Serial: 8250/16550 driver, 32 ports, IRQ sharing enabled
[    0.803193] 00:02: ttyS0 at I/O 0x3f8 (irq = 4, base_baud = 115200) is a 16550A
[    0.806042] Linux agpgart interface v0.103
[    0.808263] loop: module loaded
[    0.809102] scsi host0: ata_piix
[    0.809639] scsi host1: ata_piix
[    0.810055] ata1: PATA max UDMA/33 cmd 0x1f0 ctl 0x3f6 bmdma 0xd000 irq 14
[    0.810783] ata2: PATA max UDMA/33 cmd 0x170 ctl 0x376 bmdma 0xd008 irq 15
[    0.811603] libphy: Fixed MDIO Bus: probed
[    0.812892] tun: Universal TUN/TAP device driver, 1.6
[    0.814718] PPP generic driver version 2.4.2
[    0.815655] ehci_hcd: USB 2.0 'Enhanced' Host Controller (EHCI) Driver
[    0.816397] ehci-pci: EHCI PCI platform driver
[    0.816931] ehci-platform: EHCI generic platform driver
[    0.817521] ohci_hcd: USB 1.1 'Open' Host Controller (OHCI) Driver
[    0.818201] ohci-pci: OHCI PCI platform driver
[    0.818723] ohci-platform: OHCI generic platform driver
[    0.819318] uhci_hcd: USB Universal Host Controller Interface driver
[    0.820108] i8042: PNP: PS/2 Controller [PNP0303:PS2K,PNP0f03:PS2M] at 0x60,0x64 irq 1,12
[    0.821361] serio: i8042 KBD port at 0x60,0x64 irq 1
[    0.821953] serio: i8042 AUX port at 0x60,0x64 irq 12
[    0.822752] mousedev: PS/2 mouse device common for all mice
[    0.824161] input: AT Translated Set 2 keyboard as /devices/platform/i8042/serio0/input/input2
[    0.825322] rtc_cmos rtc_cmos: rtc core: registered rtc_cmos as rtc0
[    0.826066] rtc_cmos rtc_cmos: alarms up to one day, 114 bytes nvram
[    0.826763] i2c /dev entries driver
[    0.827216] device-mapper: uevent: version 1.0.3
[    0.827863] device-mapper: ioctl: 4.37.0-ioctl (2017-09-20) initialised: dm-devel@redhat.com
[    0.828907] ledtrig-cpu: registered to indicate activity on CPUs
[    0.830054] NET: Registered protocol family 10
[    0.833203] Segment Routing with IPv6
[    0.833701] NET: Registered protocol family 17
[    0.834250] Key type dns_resolver registered
[    0.834936] mce: Using 0 MCE banks
[    0.835372] RAS: Correctable Errors collector initialized.
[    0.836024] sched_clock: Marking stable (834918345, 0)->(2896459478, -2061541133)
[    0.837365] registered taskstats version 1
[    0.837855] Loading compiled-in X.509 certificates
[    0.840226] Loaded X.509 cert 'Build time autogenerated kernel key: be62403dcace2d46f96dafa9f42421c610ef3c2a'
[    0.841578] zswap: loaded using pool lzo/zbud
[    0.844731] Key type big_key registered
[    0.852997] Key type trusted registered
[    0.855143] Key type encrypted registered
[    0.855668] AppArmor: AppArmor sha1 policy hashing enabled
[    0.856342] ima: No TPM chip found, activating TPM-bypass! (rc=-19)
[    0.857067] ima: Allocated hash algorithm: sha1
[    0.857792] evm: HMAC attrs: 0x1
[    0.858369]   Magic number: 0:270:400
[    0.858959] rtc_cmos rtc_cmos: setting system clock to 2020-12-29 21:21:36 UTC (1609276896)
[    0.860070] BIOS EDD facility v0.16 2004-Jun-25, 0 devices found
[    0.860727] EDD information not available.
[    0.973619] Freeing unused kernel image memory: 2436K
[    0.984067] Write protecting the kernel read-only data: 20480k
[    0.985287] Freeing unused kernel image memory: 2008K
[    0.986128] Freeing unused kernel image memory: 1872K
[    0.991953] x86/mm: Checked W+X mappings: passed, no W+X pages found.
[    0.992775] x86/mm: Checking user space page tables
[    0.998124] x86/mm: Checked W+X mappings: passed, no W+X pages found.
Loading, please wait...
starting version 237
[    1.208176] e1000: Intel(R) PRO/1000 Network Driver - version 7.3.21-k8-NAPI
[    1.248217] e1000: Copyright (c) 1999-2006 Intel Corporation.
[    1.256379] Fusion MPT base driver 3.04.20
[    1.263709] Copyright (c) 1999-2008 LSI Corporation
[    1.272085] Fusion MPT SPI Host driver 3.04.20
[    1.322444] AVX2 version of gcm_enc/dec engaged.
[    1.323134] AES CTR mode by8 optimization enabled
[    1.468938] input: ImExPS/2 Generic Explorer Mouse as /devices/platform/i8042/serio1/input/input4
[    1.654489] e1000 0000:00:03.0 eth0: (PCI:33MHz:32-bit) 02:60:71:1d:34:36
[    1.655350] e1000 0000:00:03.0 eth0: Intel(R) PRO/1000 Network Connection
[    2.022933] e1000 0000:00:08.0 eth1: (PCI:33MHz:32-bit) 08:00:27:6b:fd:e4
[    2.052308] e1000 0000:00:08.0 eth1: Intel(R) PRO/1000 Network Connection
[    2.053823] mptbase: ioc0: Initiating bringup
[    2.053955] e1000 0000:00:03.0 enp0s3: renamed from eth0
[    2.148483] e1000 0000:00:08.0 enp0s8: renamed from eth1
[    2.273777] ioc0: LSI53C1030 A0: Capabilities={Initiator}
[    3.614602] scsi host2: ioc0: LSI53C1030 A0, FwRev=00000000h, Ports=1, MaxQ=256, IRQ=20
[    4.073892] scsi 2:0:0:0: Direct-Access     VBOX     HARDDISK         1.0  PQ: 0 ANSI: 5
[    4.269118] scsi target2:0:0: Beginning Domain Validation
[    4.286102] scsi target2:0:0: Domain Validation skipping write tests
[    4.637765] scsi target2:0:0: Ending Domain Validation
[    4.638414] scsi target2:0:0: asynchronous
[    4.725422] scsi 2:0:1:0: Direct-Access     VBOX     HARDDISK         1.0  PQ: 0 ANSI: 5
[    5.637419] scsi target2:0:1: Beginning Domain Validation
[    5.644404] random: fast init done
[    5.645023] scsi target2:0:1: Domain Validation skipping write tests
[    5.645744] scsi target2:0:1: Ending Domain Validation
[    5.710400] scsi target2:0:1: asynchronous
[    6.278108] random: systemd-udevd: uninitialized urandom read (16 bytes read)
[    6.653474] sd 2:0:0:0: Attached scsi generic sg0 type 0
[    6.653561] random: systemd-udevd: uninitialized urandom read (16 bytes read)
[    6.660168] random: systemd-udevd: uninitialized urandom read (16 bytes read)
[    6.660439] sd 2:0:1:0: Attached scsi generic sg1 type 0
[    6.661949] sd 2:0:0:0: [sda] 20971520 512-byte logical blocks: (10.7 GB/10.0 GiB)
[    6.663214] sd 2:0:0:0: [sda] Write Protect is off
[    6.663922] sd 2:0:1:0: [sdb] 20480 512-byte logical blocks: (10.5 MB/10.0 MiB)
[    6.665102] sd 2:0:1:0: [sdb] Write Protect is off
[    6.665765] sd 2:0:0:0: [sda] Incomplete mode parameter data
[    6.666569] sd 2:0:0:0: [sda] Assuming drive cache: write through
[    6.667513] sd 2:0:1:0: [sdb] Incomplete mode parameter data
[    6.668344] sd 2:0:1:0: [sdb] Assuming drive cache: write through
[    6.669347]  sda: sda1
[    6.670236] sd 2:0:0:0: [sda] Attached SCSI disk
[    6.672058] sd 2:0:1:0: [sdb] Attached SCSI disk
Begin: Loading essential drivers ... [    8.064042] raid6: sse2x1   gen() 14034 MB/s
[    8.112058] raid6: sse2x1   xor()  9986 MB/s
[    8.160008] raid6: sse2x2   gen() 16941 MB/s
[    8.208061] raid6: sse2x2   xor() 11480 MB/s
[    8.256061] raid6: sse2x4   gen() 19573 MB/s
[    8.304021] raid6: sse2x4   xor() 11979 MB/s
[    8.352060] raid6: avx2x1   gen() 27831 MB/s
[    8.400056] raid6: avx2x1   xor() 19618 MB/s
[    8.448058] raid6: avx2x2   gen() 32126 MB/s
[    8.496026] raid6: avx2x2   xor() 21246 MB/s
[    8.544050] raid6: avx2x4   gen() 36692 MB/s
[    8.592022] raid6: avx2x4   xor() 20980 MB/s
[    8.592839] raid6: using algorithm avx2x4 gen() 36692 MB/s
[    8.593660] raid6: .... xor() 20980 MB/s, rmw enabled
[    8.594462] raid6: using avx2x2 recovery algorithm
[    8.596393] xor: automatically using best checksumming function   avx       
[    8.635429] async_tx: api initialized (async)
done.
Begin: Running /scripts/init-premount ... done.
Begin: Mounting root file system ... Begin: Running /scripts/local-top ... done.
Begin: Running /scripts/local-premount ... [    8.679148] Btrfs loaded, crc32c=crc32c-intel
Scanning for Btrfs filesystems
done.
Warning: fsck not present, so sk[    8.702172] EXT4-fs (sda1): mounted filesystem with ordered data mode. Opts: (null)
ipping root file system
done.
Begin: Running /scripts/local-bottom ... done.
Begin: Running /scripts/init-bottom ... done.
[    8.932407] ip_tables: (C) 2000-2006 Netfilter Core Team
[    9.092157] systemd[1]: systemd 237 running in system mode. (+PAM +AUDIT +SELINUX +IMA +APPARMOR +SMACK +SYSVINIT +UTMP +LIBCRYPTSETUP +GCRYPT +GNUTLS +ACL +XZ +LZ4 +SECCOMP +BLKID +ELFUTILS +KMOD -IDN2 +IDN -PCRE2 default-hierarchy=hybrid)
[    9.094466] systemd[1]: Detected virtualization oracle.
[    9.095099] systemd[1]: Detected architecture x86-64.

Welcome to [1mUbuntu 18.04.5 LTS[0m!

[    9.199447] systemd[1]: Set hostname to <ubuntu>.
[    9.202878] systemd[1]: Initializing machine ID from random generator.
[    9.593817] systemd[1]: Installed transient /etc/machine-id file.
[    9.891371] systemd[1]: Reached target System Time Synchronized.
[[0;32m  OK  [0m] Reached target System Time Synchronized.
[   10.735716] systemd[1]: Set up automount Arbitrary Executable File Formats File System Automount Point.
[[0;32m  OK  [0m] Set up automount Arbitrary Executabâ€¦rmats File System Automount Point.
[   10.737497] systemd[1]: Started Forward Password Requests to Wall Directory Watch.
[[0;32m  OK  [0m] Started Forward Password Requests to Wall Directory Watch.
[   10.738977] systemd[1]: Reached target Swap.
[[0;32m  OK  [0m] Reached target Swap.
[[0;32m  OK  [0m] Reached target User and Group Name Lookups.
[[0;32m  OK  [0m] Created slice System Slice.
[[0;32m  OK  [0m] Created slice system-serial\x2dgetty.slice.
[[0;32m  OK  [0m] Listening on Journal Socket.
         Starting Remount Root and Kernel File Systems...
[[0;32m  OK  [0m] Listening on Device-mapper event daemon FIFOs.
[[0;32m  OK  [0m] Listening on Network Service Netlink Socket.
         Mounting POSIX Message Queue File System...
[[0;32m  OK  [0m] Listening on udev Control Socket.
[[0;32m  OK  [0m] Listening on Journal Socket (/dev/log).
         Starting Set the console keyboard layout...
[[0;32m  OK  [0m] Listening on LVM2 metadata daemon socket.
[[0;32m  OK  [0m] Listening on Syslog Socket.
         Mountin[   10.810259] EXT4-fs (sda1): re-mounted. Opts: (null)
g Huge Pages File System...
[[0;32m  OK  [0m] Listening on udev Kernel Socket.
         Starting udev Coldplug all Devices...
         Starting Uncomplicated firewall...
         Starting Load Kernel Modules...
[   10.919670] Loading iSCSI transport class v2.0-870.
         Mounting Kernel Debug File System...
[[0;32m  OK  [0m] Listening on LVM2 poll daemon socket.
         Startin[   10.945147] iscsi: registered transport (tcp)
g Create list of[   11.062569] iscsi: registered transport (iser)
 required stâ€¦ce nodes for the current kernel...
[[0;32m  OK  [0m] Created slice User and Session Slice.
[[0;32m  OK  [0m] Reached target Slices.
[[0;32m  OK  [0m] Listening on Journal Audit Socket.
         Starting Journal Service...
         Starting Monitoring of LVM2 mirrorsâ€¦ng dmeventd or progress polling...
[[0;32m  OK  [0m] Listening on /dev/initctl Compatibility Named Pipe.
[[0;32m  OK  [0m] Started Remount Root and Kernel File Systems.
[[0;32m  OK  [0m] Mounted POSIX Message Queue File System.
[[0;32m  OK  [0m] Mounted Huge Pages File System.
[[0;32m  OK  [0m] Started Uncomplicated firewall.
[[0;32m  OK  [0m] Started Load Kernel Modules.
[[0;32m  OK  [0m] Mounted Kernel Debug File System.
[[0;32m  OK  [0m] Started Create list of required staâ€¦vice nodes for the current kernel.
         Starting Create Static Device Nodes in /dev...
         Mounting FUSE Control File System...
         Mounting Kernel Configuration File System...
         Starting Apply Kernel Variables...
         Starting Load/Save Random Seed...
[[0;32m  OK  [0m] Started Journal Service.
[[0;32m  OK  [0m] Started udev Coldplug all Devices.
[[0;32m  OK  [0m] Started Create Static Device Nodes in /dev.
[[0;32m  OK  [0m] Mounted FUSE Control File System.
[[0;32m  OK  [0m] Mounted Kernel Configuration File System.
[[0;32m  OK  [0m] Started LVM2 metadata daemon.
         Starting udev Kernel Device Manager...
         Starting Flush Journal to Persistent Storage...
[[0;32m  OK  [0m] Started Monitoring of LVM2 mirrors,â€¦sing dmeventd or progress polling.
[[0;32m  OK  [0m] Started Apply Kernel Variables.
[[0;32m  OK  [0m] Started udev Kernel Device Manager.
[[0;32m  OK  [0m] Started Load/Save Random Seed.
[[0;32m  OK  [0m] Started Flush Journal to Persistent Storage.
[[0;32m  OK  [0m] Found device /dev/ttyS0.
[[0;32m  OK  [0m] Listening on Load/Save RF Kill Switch Status /dev/rfkill Watch.
[[0;32m  OK  [0m] Started Set the console keyboard layout.
[[0;32m  OK  [0m] Started Dispatch Password Requests to Console Directory Watch.
[[0;32m  OK  [0m] Reached target Local Encrypted Volumes.
[[0;32m  OK  [0m] Reached target Local File Systems (Pre).
[[0;32m  OK  [0m] Reached target Local File Systems.
         Starting Create Volatile Files and Directories...
         Starting Commit a transient machine-id on disk...
         Starting ebtables ruleset management...
         Starting Tell Plymouth To Write Out Runtime Data...
         Starting Set console font and keymap...
         Starting AppArmor initialization...
[[0;32m  OK  [0m] Started Create Volatile Files and Directories.
         Starting Update UTMP about System Boot/Shutdown...
[[0;32m  OK  [0m] Started Set console font and keymap.
[[0;32m  OK  [0m] Started Tell Plymouth To Write Out Runtime Data.
[[0;32m  OK  [0m] Started Update UTMP about System Boot/Shutdown.
[[0;32m  OK  [0m] Started Commit a transient machine-id on disk.
[[0;32m  OK  [0m] Started ebtables ruleset management.
[[0;32m  OK  [0m] Started AppArmor initialization.
         Starting Initial cloud-init job (pre-networking)...
         Starting Load AppArmor profiles managed internally by snapd...
[[0;32m  OK  [0m] Started Load AppArmor profiles managed internally by snapd.
[   13.332016] cloud-init[673]: Cloud-init v. 20.3-2-g371b392c-0ubuntu1~18.04.1 running 'init-local' at Tue, 29 Dec 2020 21:21:48 +0000. Up 13.07 seconds.
[[0;32m  OK  [0m] Started Initial cloud-init job (pre-networking).
[[0;32m  OK  [0m] Reached target Network (Pre).
         Starting Network Service...
[[0;32m  OK  [0m] Started Network Service.
         Starting Wait for Network to be Configured...
         Starting Network Name Resolution...
[[0;32m  OK  [0m] Started Network Name Resolution.
[[0;32m  OK  [0m] Reached target Host and Network Name Lookups.
[[0;32m  OK  [0m] Reached target Network.
[[0;32m  OK  [0m] Started Wait for Network to be Configured.
         Starting Initial cloud-init job (metadata service crawler)...
[   15.264363] cloud-init[825]: Cloud-init v. 20.3-2-g371b392c-0ubuntu1~18.04.1 running 'init' at Tue, 29 Dec 2020 21:21:50 +0000. Up 15.16 seconds.
[   15.292909] cloud-init[825]: ci-info: ++++++++++++++++++++++++++++++++++++++Net device info+++++++++++++++++++++++++++++++++++++++
[   15.304325] cloud-init[825]: ci-info: +--------+-------+----------------------------+---------------+--------+-------------------+
[   15.333383] cloud-init[825]: ci-info: | Device |   Up  |          Address           |      Mask     | Scope  |     Hw-Address    |
[   15.376182] cloud-init[825]: ci-info: +--------+-------+----------------------------+---------------+--------+-------------------+
[   15.405711] cloud-init[825]: ci-info: | enp0s3 |  True |         10.0.2.15          | 255.255.255.0 | global | 02:60:71:1d:34:36 |
[   15.465015] cloud-init[825]: ci-info: | enp0s3 |  True | fe80::60:71ff:fe1d:3436/64 |       .       |  link  | 02:60:71:1d:34:36 |
[   15.466292] cloud-init[825]: ci-info: | enp0s8 | False |             .              |       .       |   .    | 08:00:27:6b:fd:e4 |
[   15.467603] cloud-init[825]: ci-info: |   lo   |  True |         127.0.0.1          |   255.0.0.0   |  host  |         .         |
[   15.480191] cloud-init[825]: ci-info: |   lo   |  True |          ::1/128           |       .       |  host  |         .         |
[   15.482272] cloud-init[825]: ci-info: +--------+-------+----------------------------+---------------+--------+-------------------+
[   15.483562] cloud-init[825]: ci-info: ++++++++++++++++++++++++++++Route IPv4 info+++++++++++++++++++++++++++++
[   15.484676] cloud-init[825]: ci-info: +-------+-------------+----------+-----------------+-----------+-------+
[   15.485728] cloud-init[825]: ci-info: | Route | Destination | Gateway  |     Genmask     | Interface | Flags |
[   15.486766] cloud-init[825]: ci-info: +-------+-------------+----------+-----------------+-----------+-------+
[   15.487878] cloud-init[825]: ci-info: |   0   |   0.0.0.0   | 10.0.2.2 |     0.0.0.0     |   enp0s3  |   UG  |
[   15.488946] cloud-init[825]: ci-info: |   1   |   10.0.2.0  | 0.0.0.0  |  255.255.255.0  |   enp0s3  |   U   |
[   15.490101] cloud-init[825]: ci-info: |   2   |   10.0.2.2  | 0.0.0.0  | 255.255.255.255 |   enp0s3  |   UH  |
[   15.491453] cloud-init[825]: ci-info: +-------+-------------+----------+-----------------+-----------+-------+
[   15.493916] cloud-init[825]: ci-info: +++++++++++++++++++Route IPv6 info+++++++++++++++++++
[   15.495790] cloud-init[825]: ci-info: +-------+-------------+---------+-----------+-------+
[   15.496859] cloud-init[825]: ci-info: | Route | Destination | Gateway | Interface | Flags |
[   15.508238] cloud-init[825]: ci-info: +-------+-------------+---------+-----------+-------+
[   15.564219] cloud-init[825]: ci-info: |   1   |  fe80::/64  |    ::   |   enp0s3  |   U   |
[   15.565447] cloud-init[825]: ci-info: |   3   |    local    |    ::   |   enp0s3  |   U   |
[   15.566606] cloud-init[825]: ci-info: |   4   |   ff00::/8  |    ::   |   enp0s3  |   U   |
[   15.567806] cloud-init[825]: ci-info: +-------+-------------+---------+-----------+-------+
[   17.076868] cloud-init[825]: Generating public/private rsa key pair.
[[   17.134062] cloud-init[825]: Your identification has been saved in /etc/ssh/ssh_host_rsa_key.
[   17.134182] cloud-init[825]: Your public key has been saved in /etc/ssh/ssh_host_rsa_key.pub.
[   17.134476] cloud-init[825]: The key fingerprint is:
[   17.134506] cloud-init[825]: SHA256:RWhDfMFtKT3dUw2kb2hLXiVy+0gH7Mqhwuo8/5E0dL8 root@ubuntu-bionic
[0;32m  OK  [0m] Started Initial cloud-init job (metadata service crawler).
[   17.134549] cloud-init[825]: The key's randomart image is:
[[   17.190256] cloud-init[825]: +---[RSA 2048]----+
[   17.190463] cloud-init[825]: |       o.oo+ +oo+|
[0;32m  OK  [0m] Reached target Cloud-config availability.
[   17.190598] cloud-init[825]: |        =.+ *o..o|
[[   17.203039] cloud-init[825]: |       . ooo+.= o|
[   17.203298] cloud-init[825]: |         o . B = |
[0;32m  OK  [0m] Reached target Network is Online.
[   17.203398] cloud-init[825]: |        S o = O .|
         [   17.221132] cloud-init[825]: |       . . O B = |
[   17.221487] cloud-init[825]: |        o + = E .|
[   17.221843] cloud-init[825]: |     ... . .     |
[   17.222200] cloud-init[825]: |     .+o...      |
[   17.222561] cloud-init[825]: +----[SHA256]-----+
[   17.222833] cloud-init[825]: Generating public/private dsa key pair.
[   17.223041] cloud-init[825]: Your identification has been saved in /etc/ssh/ssh_host_dsa_key.
[   17.223243] cloud-init[825]: Your public key has been saved in /etc/ssh/ssh_host_dsa_key.pub.
Starting Availability of block devices...
[   17.223479] cloud-init[825]: The key fingerprint is:
[[   17.239039] cloud-init[825]: SHA256:/xPMRiJUllytfIlSh8BR6BOojuYVQCooeEg/KfpFfic root@ubuntu-bionic
[   17.239128] cloud-init[825]: The key's randomart image is:
[   17.239264] cloud-init[825]: +---[DSA 1024]----+
[   17.239426] cloud-init[825]: | . ..    ==Boo   |
[   17.239572] cloud-init[825]: |+...o   o.* o o  |
[   17.239873] cloud-init[825]: |*.o+.. o . + + . |
[   17.240010] cloud-init[825]: |oo.o. o . = = o  |
[   17.240351] cloud-init[825]: |.   ooE.S. B .   |
[   17.240484] cloud-init[825]: | . .o.oo .  =    |
[   17.240616] cloud-init[825]: |  .o .    .. .   |
[   17.240756] cloud-init[825]: |    .      ..    |
[0;32m  OK  [0m] Reached target Remote File Systems (Pre).
[   17.241076] cloud-init[825]: |            ..   |
[[   17.263886] cloud-init[825]: +----[SHA256]-----+
[   17.264002] cloud-init[825]: Generating public/private ecdsa key pair.
[   17.264237] cloud-init[825]: Your identification has been saved in /etc/ssh/ssh_host_ecdsa_key.
[   17.264445] cloud-init[825]: Your public key has been saved in /etc/ssh/ssh_host_ecdsa_key.pub.
[0;32m  OK  [0m] Reached target Remote File Systems.
[   17.264577] cloud-init[825]: The key fingerprint is:
[[0;32m  OK  [0m[   17.292141] cloud-init[825]: SHA256:kD52+MDrMQ2+XaHg2u08ODbABah+QgWDs5G2zJ7tpUw root@ubuntu-bionic
[   17.292363] cloud-init[825]: The key's randomart image is:
[   17.292505] cloud-init[825]: +---[ECDSA 256]---+
[   17.292649] cloud-init[825]: |.+..             |
[   17.292783] cloud-init[825]: |=.o..  .         |
[   17.292947] cloud-init[825]: |+=o  .o          |
[   17.293096] cloud-init[825]: |o=   o.o         |
[   17.293227] cloud-init[825]: |+ o. .X S .      |
[   17.293360] cloud-init[825]: | = Eo= X . .     |
[   17.293525] cloud-init[825]: |  * o.*.+ .      |
[   17.293660] cloud-init[825]: |   + +=B..       |
[   17.293791] cloud-init[825]: |    ..++=.       |
[   17.293965] cloud-init[825]: +----[SHA256]-----+
[   17.294107] cloud-init[825]: Generating public/private ed25519 key pair.
[   17.294232] cloud-init[825]: Your identification has been saved in /etc/ssh/ssh_host_ed25519_key.
[   17.294365] cloud-init[825]: Your public key has been saved in /etc/ssh/ssh_host_ed25519_key.pub.
[   17.294498] cloud-init[825]: The key fingerprint is:
[   17.294629] cloud-init[825]: SHA256:xVoRGovmbcM0491PFaF3W85BmQjwNrFw2zUxk4v/7Fs root@ubuntu-bionic
[   17.294763] cloud-init[825]: The key's randomart image is:
[   17.294899] cloud-init[825]: +--[ED25519 256]--+
[   17.295035] cloud-init[825]: |        .o+=. .X*|
[   17.295171] cloud-init[825]: |       . =+.=.++=|
[   17.295479] cloud-init[825]: |      o * +* o.o=|
[   17.295617] cloud-init[825]: |     o = B.....==|
[   17.295748] cloud-init[825]: |      . S . . o.o|
[   17.295881] cloud-init[825]: |       . .   o . |
[   17.296015] cloud-init[825]: |              ..E|
[   17.296292] cloud-init[825]: |                +|
[   17.296455] cloud-init[825]: |               oo|
[   17.296572] cloud-init[825]: +----[SHA256]-----+
] Reached target System Initialization.
[[0;32m  OK  [0m] Listening on D-Bus System Message Bus Socket.
[[0;32m  OK  [0m] Started ACPI Events Check.
[[0;32m  OK  [0m] Started Daily apt download activities.
[[0;32m  OK  [0m] Started Discard unused blocks once a week.
[[0;32m  OK  [0m] Started Daily apt upgrade and clean activities.
[[0;32m  OK  [0m] Listening on ACPID Listen Socket.
[[0;32m  OK  [0m] Started Daily Cleanup of Temporary Directories.
[[0;32m  OK  [0m] Started Message of the Day.
[[0;32m  OK  [0m] Listening on Open-iSCSI iscsid Socket.
         Starting LXD - unix socket.
[[0;32m  OK  [0m] Reached target Timers.
[[0;32m  OK  [0m] Listening on UUID daemon activation socket.
         Starting Socket activation for snappy daemon.
[[0;32m  OK  [0m] Reached target Paths.
[[0;32m  OK  [0m] Started Availability of block devices.
[[0;32m  OK  [0m] Listening on LXD - unix socket.
[[0;32m  OK  [0m] Listening on Socket activation for snappy daemon.
[[0;32m  OK  [0m] Reached target Sockets.
[[0;32m  OK  [0m] Reached target Basic System.
         Starting Dispatcher daemon for systemd-networkd...
         Starting LXD - container startup/shutdown...
[[0;32m  OK  [0m] Started Deferred execution scheduler.
         Starting Login Service...
[[0;32m  OK  [0m] Started Regular background program processing daemon.
         Starting Pollinate to seed the pseudo random number generator...
[[0;32m  OK  [0m] Started D-Bus System Message Bus.
[[0;32m  OK  [0m] Started Login Service.
         Starting Virtualbox guest utils...
         Starting LSB: Record successful boot for GRUB...
[[0;32m  OK  [0m] Started irqbalance daemon.
         Starting System Logging Service...
         Starting Accounts Service...
         Starting LSB: automatic crash report generation...
[[0;32m  OK  [0m] Started FUSE filesystem for LXC.
         Starting Permit User Sessions...
[[0;32m  OK  [0m] Started Unattended Upgrades Shutdown.
         Starting Snap Daemon...
[[0;32m  OK  [0m] Started Dispatcher daemon for systemd-networkd.
[[0;32m  OK  [0m] Started System Logging Service.
[[0;32m  OK  [0m] Started LXD - container startup/shutdown.
[[0;32m  OK  [0m] Started Permit User Sessions.
         Starting Terminate Plymouth Boot Screen...
         Starting Hold until boot process finishes up...
[[0;32m  OK  [0m] Started Terminate Plymouth Boot Screen.
[[0;32m  OK  [0m] Started Hold until boot process finishes up.
[[0;32m  OK  [0m] Started Serial Getty on ttyS0.
         Starting Set console scheme...
[[0;32m  OK  [0m] Started Set console scheme.
[[0;32m  OK  [0m] Created slice system-getty.slice.
[[0;32m  OK  [0m] Started Getty on tty1.
[[0;32m  OK  [0m] Reached target Login Prompts.
         Starting Authorization Manager...
[[0;32m  OK  [0m] Started LSB: automatic crash report generation.
[[0;32m  OK  [0m] Started Authorization Manager.
[[0;32m  OK  [0m] Started Accounts Service.
[[0;32m  OK  [0m] Started LSB: Record successful boot for GRUB.
[[0;32m  OK  [0m] Started Virtualbox guest utils.
[[0;32m  OK  [0m] Started Snap Daemon.
         Starting Wait until snapd is fully seeded...
[[0;32m  OK  [0m] Started Pollinate to seed the pseudo random number generator.
         Starting OpenBSD Secure Shell server...
[[0;32m  OK  [0m] Started OpenBSD Secure Shell server.
[[0;32m  OK  [0m] Created slice User Slice of vagrant.
         Starting User Manager for UID 1000...
[[0;32m  OK  [0m] Started Session 1 of user vagrant.
[[0;32m  OK  [0m] Started User Manager for UID 1000.
         Stopping User Manager for UID 1000...
[[0;32m  OK  [0m] Stopped User Manager for UID 1000.
[[0;32m  OK  [0m] Removed slice User Slice of vagrant.
[[0;32m  OK  [0m] Created slice User Slice of vagrant.
         Starting User Manager for UID 1000...
[[0;32m  OK  [0m] Started User Manager for UID 1000.
[[0;32m  OK  [0m] Started Session 3 of user vagrant.
[[0;32m  OK  [0m] Started Wait until snapd is fully seeded.
         Starting Apply the settings specified in cloud-config...
[[0;32m  OK  [0m] Reached target Multi-User System.
[[0;32m  OK  [0m] Reached target Graphical Interface.
         Starting Update UTMP about System Runlevel Changes...
[[0;32m  OK  [0m] Started Update UTMP about System Runlevel Changes.
[   23.050983] cloud-init[1734]: Cloud-init v. 20.3-2-g371b392c-0ubuntu1~18.04.1 running 'modules:config' at Tue, 29 Dec 2020 21:21:58 +0000. Up 22.73 seconds.
ci-info: no authorized SSH keys fingerprints found for user ubuntu.
<14>Dec 29 21:21:59 ec2: 
<14>Dec 29 21:21:59 ec2: #############################################################
<14>Dec 29 21:21:59 ec2: -----BEGIN SSH HOST KEY FINGERPRINTS-----
<14>Dec 29 21:21:59 ec2: 1024 SHA256:/xPMRiJUllytfIlSh8BR6BOojuYVQCooeEg/KfpFfic root@ubuntu-bionic (DSA)
<14>Dec 29 21:21:59 ec2: 256 SHA256:kD52+MDrMQ2+XaHg2u08ODbABah+QgWDs5G2zJ7tpUw root@ubuntu-bionic (ECDSA)
<14>Dec 29 21:21:59 ec2: 256 SHA256:xVoRGovmbcM0491PFaF3W85BmQjwNrFw2zUxk4v/7Fs root@ubuntu-bionic (ED25519)
<14>Dec 29 21:21:59 ec2: 2048 SHA256:RWhDfMFtKT3dUw2kb2hLXiVy+0gH7Mqhwuo8/5E0dL8 root@ubuntu-bionic (RSA)
<14>Dec 29 21:21:59 ec2: -----END SSH HOST KEY FINGERPRINTS-----
<14>Dec 29 21:21:59 ec2: #############################################################
-----BEGIN SSH HOST KEY KEYS-----
ecdsa-sha2-nistp256 AAAAE2VjZHNhLXNoYTItbmlzdHAyNTYAAAAIbmlzdHAyNTYAAABBBEq+QrAharOVI1HgRCXHSC1RqMEWk+Kx9MOQ5k55kvitg/TYqW9AiysV3Xf1yZOygn4LNS/3MJl0VmfTE4nVPdI= root@ubuntu-bionic
ssh-ed25519 AAAAC3NzaC1lZDI1NTE5AAAAIHA1tCNPkexI5tyhx1ZTi0iOxu9IvPJ0UUM+phwEg3oS root@ubuntu-bionic
ssh-rsa AAAAB3NzaC1yc2EAAAADAQABAAABAQDO/G9Pvm32wpj3Fl0br5GTzkH5d6HUWotjuSKqpzXl5SfskQk+T5OGDhw7XXsMrPZi/YjOPip4fGLFew21nNFJOQHlAIrSavejk5HRxM8oYH9m7b27cutndazNcUKzFw73AtiFXJVT2iuF5WhRLTp95AaMvWXug4gY6fvIhuxGo0BU6SZHfRLS2KUnf+o5JAYsH9F/3yMjujE5ZLU8LMAotbhufFhDukDTH7vHb7+NnYfyXEcdoH1WJrCHbC0JCpwvdNxHPG3JvUBdJKNYFcyMOoNnFm+VZDRZj7WPA/2PIVnpqt/NSzemzAWu+Ht45rxiqTAEsG/ELCF2+krepb0d root@ubuntu-bionic
-----END SSH HOST KEY KEYS-----
[   23.427460] cloud-init[1849]: Cloud-init v. 20.3-2-g371b392c-0ubuntu1~18.04.1 running 'modules:final' at Tue, 29 Dec 2020 21:21:58 +0000. Up 23.32 seconds.
[   23.427515] cloud-init[1849]: ci-info: no authorized SSH keys fingerprints found for user ubuntu.
[   23.427550] cloud-init[1849]: Cloud-init v. 20.3-2-g371b392c-0ubuntu1~18.04.1 finished at Tue, 29 Dec 2020 21:21:59 +0000. Datasource DataSourceNoCloud [seed=/dev/sdb][dsmode=net].  Up 23.42 seconds

Ubuntu 18.04.5 LTS ubuntu-bionic ttyS0

ubuntu-bionic login: 